[  0%] Generating includes/lammps/fmt/format.h
[  0%] Generating includes/lammps/memory.h
[  1%] Generating includes/lammps/modify.h
[  1%] Generating includes/lammps/neighbor.h
[  1%] Generating includes/lammps/neigh_list.h
[  1%] Generating includes/lammps/pair.h
[  1%] Generating includes/lammps/output.h
[  1%] Built target fmt_format.h
[  1%] Generating includes/lammps/platform.h
[  1%] Built target modify.h
[  1%] Built target memory.h
[  1%] Built target neighbor.h
[  1%] Built target neigh_list.h
[  1%] Built target pair.h
[  1%] Built target output.h
[  1%] Built target platform.h
[  1%] Generating includes/lammps/atom.h
[  1%] Generating includes/lammps/bond.h
[  1%] Generating includes/lammps/comm.h
[  2%] Generating includes/lammps/citeme.h
[  2%] Generating includes/lammps/command.h
[  2%] Built target atom.h
[  2%] Generating includes/lammps/force.h
[  2%] Generating includes/lammps/fix.h
[  2%] Built target bond.h
[  2%] Built target citeme.h
[  2%] Built target comm.h
[  2%] Generating includes/lammps/group.h
[  2%] Built target command.h
[  2%] Built target force.h
[  2%] Built target fix.h
[  2%] Built target group.h
[  2%] Generating includes/lammps/improper.h
[  3%] Generating includes/lammps/input.h
[  3%] Generating includes/lammps/info.h
-- Git Directory: /home/dhl/lammps_sevenn/.git
[  3%] Generating includes/lammps/angle.h
[  3%] Built target input.h
[  3%] Built target improper.h
[  3%] Built target info.h
[  3%] Generating includes/lammps/compute.h
[  3%] Generating includes/lammps/dihedral.h
[  3%] Generating includes/lammps/domain.h
[  3%] Built target angle.h
[  3%] Built target dihedral.h
[  3%] Built target compute.h
-- Generating lmpgitversion.h...
[  3%] Built target domain.h
[  4%] Generating includes/lammps/error.h
[  4%] Generating includes/lammps/exceptions.h
[  5%] Generating includes/lammps/pointers.h
[  5%] Built target gitversion
[  5%] Built target error.h
[  5%] Generating includes/lammps/region.h
[  5%] Built target exceptions.h
[  5%] Generating includes/lammps/timer.h
[  5%] Built target pointers.h
[  5%] Generating includes/lammps/universe.h
[  5%] Built target region.h
[  5%] Generating includes/lammps/update.h
[  5%] Generating includes/lammps/utils.h
[  5%] Built target timer.h
[  6%] Generating includes/lammps/variable.h
[  6%] Built target universe.h
[  6%] Built target update.h
[  7%] Generating includes/lammps/fmt/core.h
[  7%] Generating includes/lammps/kspace.h
[  7%] Built target utils.h
[  7%] Built target variable.h
[  7%] Generating includes/lammps/lammps.h
[  7%] Built target fmt_core.h
[  7%] Built target kspace.h
[  7%] Generating includes/lammps/lattice.h
[  8%] Generating includes/lammps/library.h
[  8%] Built target lammps.h
[  8%] Generating includes/lammps/lmppython.h
[  8%] Generating includes/lammps/lmptype.h
[  8%] Built target lattice.h
[  8%] Built target library.h
[  8%] Built target lmppython.h
[  8%] Built target lmptype.h
[  8%] Building CXX object CMakeFiles/lammps.dir/home/dhl/lammps_sevenn/src/angle.cpp.o
[  8%] Building CXX object CMakeFiles/lammps.dir/home/dhl/lammps_sevenn/src/angle_hybrid.cpp.o
[  8%] Building CXX object CMakeFiles/lammps.dir/home/dhl/lammps_sevenn/src/angle_deprecated.cpp.o
[  8%] Building CXX object CMakeFiles/lammps.dir/home/dhl/lammps_sevenn/src/arg_info.cpp.o
[  8%] Building CXX object CMakeFiles/lammps.dir/home/dhl/lammps_sevenn/src/angle_write.cpp.o
[  9%] Building CXX object CMakeFiles/lammps.dir/home/dhl/lammps_sevenn/src/angle_zero.cpp.o
[  9%] Building CXX object CMakeFiles/lammps.dir/home/dhl/lammps_sevenn/src/atom_map.cpp.o
[  9%] Building CXX object CMakeFiles/lammps.dir/home/dhl/lammps_sevenn/src/atom.cpp.o
[  9%] Building CXX object CMakeFiles/lammps.dir/home/dhl/lammps_sevenn/src/atom_vec.cpp.o
[  9%] Building CXX object CMakeFiles/lammps.dir/home/dhl/lammps_sevenn/src/atom_vec_atomic.cpp.o
[ 10%] Building CXX object CMakeFiles/lammps.dir/home/dhl/lammps_sevenn/src/atom_vec_body.cpp.o
/home/dhl/lammps_sevenn/src/angle_write.cpp: In member function ‘virtual void LAMMPS_NS::AngleWrite::command(int, char**)’:
/home/dhl/lammps_sevenn/src/angle_write.cpp:153:12: warning: ignoring return value of ‘char* fgets(char*, int, FILE*)’, declared with attribute warn_unused_result [-Wunused-result]
  153 |       fgets(line, MAXLINE, coeffs);
      |       ~~~~~^~~~~~~~~~~~~~~~~~~~~~~
[ 10%] Building CXX object CMakeFiles/lammps.dir/home/dhl/lammps_sevenn/src/atom_vec_charge.cpp.o
[ 10%] Building CXX object CMakeFiles/lammps.dir/home/dhl/lammps_sevenn/src/atom_vec_ellipsoid.cpp.o
[ 10%] Building CXX object CMakeFiles/lammps.dir/home/dhl/lammps_sevenn/src/atom_vec_hybrid.cpp.o
[ 10%] Building CXX object CMakeFiles/lammps.dir/home/dhl/lammps_sevenn/src/atom_vec_line.cpp.o
[ 10%] Building CXX object CMakeFiles/lammps.dir/home/dhl/lammps_sevenn/src/atom_vec_sphere.cpp.o
[ 11%] Building CXX object CMakeFiles/lammps.dir/home/dhl/lammps_sevenn/src/atom_vec_tri.cpp.o
[ 11%] Building CXX object CMakeFiles/lammps.dir/home/dhl/lammps_sevenn/src/balance.cpp.o
[ 11%] Building CXX object CMakeFiles/lammps.dir/home/dhl/lammps_sevenn/src/body.cpp.o
[ 11%] Building CXX object CMakeFiles/lammps.dir/home/dhl/lammps_sevenn/src/bond.cpp.o
[ 11%] Building CXX object CMakeFiles/lammps.dir/home/dhl/lammps_sevenn/src/bond_deprecated.cpp.o
[ 11%] Building CXX object CMakeFiles/lammps.dir/home/dhl/lammps_sevenn/src/bond_hybrid.cpp.o
[ 12%] Building CXX object CMakeFiles/lammps.dir/home/dhl/lammps_sevenn/src/bond_zero.cpp.o
[ 12%] Building CXX object CMakeFiles/lammps.dir/home/dhl/lammps_sevenn/src/change_box.cpp.o
[ 12%] Building CXX object CMakeFiles/lammps.dir/home/dhl/lammps_sevenn/src/citeme.cpp.o
[ 12%] Building CXX object CMakeFiles/lammps.dir/home/dhl/lammps_sevenn/src/comm.cpp.o
[ 12%] Building CXX object CMakeFiles/lammps.dir/home/dhl/lammps_sevenn/src/comm_brick.cpp.o
[ 12%] Building CXX object CMakeFiles/lammps.dir/home/dhl/lammps_sevenn/src/comm_tiled.cpp.o
[ 13%] Building CXX object CMakeFiles/lammps.dir/home/dhl/lammps_sevenn/src/compute.cpp.o
[ 13%] Building CXX object CMakeFiles/lammps.dir/home/dhl/lammps_sevenn/src/compute_aggregate_atom.cpp.o
[ 13%] Building CXX object CMakeFiles/lammps.dir/home/dhl/lammps_sevenn/src/compute_angle.cpp.o
[ 13%] Building CXX object CMakeFiles/lammps.dir/home/dhl/lammps_sevenn/src/compute_angle_local.cpp.o
[ 13%] Building CXX object CMakeFiles/lammps.dir/home/dhl/lammps_sevenn/src/compute_angmom_chunk.cpp.o
[ 13%] Building CXX object CMakeFiles/lammps.dir/home/dhl/lammps_sevenn/src/compute_bond.cpp.o
[ 14%] Building CXX object CMakeFiles/lammps.dir/home/dhl/lammps_sevenn/src/compute_bond_local.cpp.o
[ 14%] Building CXX object CMakeFiles/lammps.dir/home/dhl/lammps_sevenn/src/compute_centro_atom.cpp.o
[ 14%] Building CXX object CMakeFiles/lammps.dir/home/dhl/lammps_sevenn/src/compute_centroid_stress_atom.cpp.o
[ 14%] Building CXX object CMakeFiles/lammps.dir/home/dhl/lammps_sevenn/src/compute_chunk.cpp.o
[ 14%] Building CXX object CMakeFiles/lammps.dir/home/dhl/lammps_sevenn/src/compute_chunk_atom.cpp.o
[ 14%] Building CXX object CMakeFiles/lammps.dir/home/dhl/lammps_sevenn/src/compute_chunk_spread_atom.cpp.o
[ 15%] Building CXX object CMakeFiles/lammps.dir/home/dhl/lammps_sevenn/src/compute_cluster_atom.cpp.o
[ 15%] Building CXX object CMakeFiles/lammps.dir/home/dhl/lammps_sevenn/src/compute_cna_atom.cpp.o
[ 15%] Building CXX object CMakeFiles/lammps.dir/home/dhl/lammps_sevenn/src/compute_com.cpp.o
[ 15%] Building CXX object CMakeFiles/lammps.dir/home/dhl/lammps_sevenn/src/compute_com_chunk.cpp.o
[ 15%] Building CXX object CMakeFiles/lammps.dir/home/dhl/lammps_sevenn/src/compute_coord_atom.cpp.o
[ 15%] Building CXX object CMakeFiles/lammps.dir/home/dhl/lammps_sevenn/src/compute_count_type.cpp.o
[ 16%] Building CXX object CMakeFiles/lammps.dir/home/dhl/lammps_sevenn/src/compute_deprecated.cpp.o
[ 16%] Building CXX object CMakeFiles/lammps.dir/home/dhl/lammps_sevenn/src/compute_dihedral.cpp.o
[ 16%] Building CXX object CMakeFiles/lammps.dir/home/dhl/lammps_sevenn/src/compute_dihedral_local.cpp.o
[ 16%] Building CXX object CMakeFiles/lammps.dir/home/dhl/lammps_sevenn/src/compute_dipole.cpp.o
[ 16%] Building CXX object CMakeFiles/lammps.dir/home/dhl/lammps_sevenn/src/compute_dipole_chunk.cpp.o
[ 16%] Building CXX object CMakeFiles/lammps.dir/home/dhl/lammps_sevenn/src/compute_displace_atom.cpp.o
[ 17%] Building CXX object CMakeFiles/lammps.dir/home/dhl/lammps_sevenn/src/compute_erotate_sphere.cpp.o
[ 17%] Building CXX object CMakeFiles/lammps.dir/home/dhl/lammps_sevenn/src/compute_erotate_sphere_atom.cpp.o
[ 17%] Building CXX object CMakeFiles/lammps.dir/home/dhl/lammps_sevenn/src/compute_fragment_atom.cpp.o
[ 17%] Building CXX object CMakeFiles/lammps.dir/home/dhl/lammps_sevenn/src/compute_global_atom.cpp.o
[ 17%] Building CXX object CMakeFiles/lammps.dir/home/dhl/lammps_sevenn/src/compute_group_group.cpp.o
[ 17%] Building CXX object CMakeFiles/lammps.dir/home/dhl/lammps_sevenn/src/compute_gyration.cpp.o
[ 18%] Building CXX object CMakeFiles/lammps.dir/home/dhl/lammps_sevenn/src/compute_gyration_chunk.cpp.o
[ 18%] Building CXX object CMakeFiles/lammps.dir/home/dhl/lammps_sevenn/src/compute_heat_flux.cpp.o
[ 18%] Building CXX object CMakeFiles/lammps.dir/home/dhl/lammps_sevenn/src/compute_improper.cpp.o
[ 18%] Building CXX object CMakeFiles/lammps.dir/home/dhl/lammps_sevenn/src/compute_improper_local.cpp.o
[ 18%] Building CXX object CMakeFiles/lammps.dir/home/dhl/lammps_sevenn/src/compute_inertia_chunk.cpp.o
[ 18%] Building CXX object CMakeFiles/lammps.dir/home/dhl/lammps_sevenn/src/compute_ke.cpp.o
[ 19%] Building CXX object CMakeFiles/lammps.dir/home/dhl/lammps_sevenn/src/compute_ke_atom.cpp.o
[ 19%] Building CXX object CMakeFiles/lammps.dir/home/dhl/lammps_sevenn/src/compute_msd.cpp.o
[ 19%] Building CXX object CMakeFiles/lammps.dir/home/dhl/lammps_sevenn/src/compute_msd_chunk.cpp.o
[ 19%] Building CXX object CMakeFiles/lammps.dir/home/dhl/lammps_sevenn/src/compute_omega_chunk.cpp.o
[ 19%] Building CXX object CMakeFiles/lammps.dir/home/dhl/lammps_sevenn/src/compute_orientorder_atom.cpp.o
[ 19%] Building CXX object CMakeFiles/lammps.dir/home/dhl/lammps_sevenn/src/compute_pair.cpp.o
[ 20%] Building CXX object CMakeFiles/lammps.dir/home/dhl/lammps_sevenn/src/compute_pair_local.cpp.o
[ 20%] Building CXX object CMakeFiles/lammps.dir/home/dhl/lammps_sevenn/src/compute_pe.cpp.o
[ 20%] Building CXX object CMakeFiles/lammps.dir/home/dhl/lammps_sevenn/src/compute_pe_atom.cpp.o
[ 20%] Building CXX object CMakeFiles/lammps.dir/home/dhl/lammps_sevenn/src/compute_pressure.cpp.o
[ 20%] Building CXX object CMakeFiles/lammps.dir/home/dhl/lammps_sevenn/src/compute_property_atom.cpp.o
[ 20%] Building CXX object CMakeFiles/lammps.dir/home/dhl/lammps_sevenn/src/compute_property_chunk.cpp.o
[ 21%] Building CXX object CMakeFiles/lammps.dir/home/dhl/lammps_sevenn/src/compute_property_grid.cpp.o
[ 21%] Building CXX object CMakeFiles/lammps.dir/home/dhl/lammps_sevenn/src/compute_property_local.cpp.o
[ 21%] Building CXX object CMakeFiles/lammps.dir/home/dhl/lammps_sevenn/src/compute_rdf.cpp.o
[ 21%] Building CXX object CMakeFiles/lammps.dir/home/dhl/lammps_sevenn/src/compute_reduce.cpp.o
[ 21%] Building CXX object CMakeFiles/lammps.dir/home/dhl/lammps_sevenn/src/compute_reduce_chunk.cpp.o
[ 21%] Building CXX object CMakeFiles/lammps.dir/home/dhl/lammps_sevenn/src/compute_reduce_region.cpp.o
[ 22%] Building CXX object CMakeFiles/lammps.dir/home/dhl/lammps_sevenn/src/compute_slice.cpp.o
[ 22%] Building CXX object CMakeFiles/lammps.dir/home/dhl/lammps_sevenn/src/compute_stress_atom.cpp.o
[ 22%] Building CXX object CMakeFiles/lammps.dir/home/dhl/lammps_sevenn/src/compute_temp.cpp.o
[ 22%] Building CXX object CMakeFiles/lammps.dir/home/dhl/lammps_sevenn/src/compute_temp_chunk.cpp.o
[ 22%] Building CXX object CMakeFiles/lammps.dir/home/dhl/lammps_sevenn/src/compute_temp_com.cpp.o
[ 22%] Building CXX object CMakeFiles/lammps.dir/home/dhl/lammps_sevenn/src/compute_temp_deform.cpp.o
[ 23%] Building CXX object CMakeFiles/lammps.dir/home/dhl/lammps_sevenn/src/compute_temp_partial.cpp.o
[ 23%] Building CXX object CMakeFiles/lammps.dir/home/dhl/lammps_sevenn/src/compute_temp_profile.cpp.o
[ 23%] Building CXX object CMakeFiles/lammps.dir/home/dhl/lammps_sevenn/src/compute_temp_ramp.cpp.o
[ 23%] Building CXX object CMakeFiles/lammps.dir/home/dhl/lammps_sevenn/src/compute_temp_region.cpp.o
[ 23%] Building CXX object CMakeFiles/lammps.dir/home/dhl/lammps_sevenn/src/compute_temp_sphere.cpp.o
[ 23%] Building CXX object CMakeFiles/lammps.dir/home/dhl/lammps_sevenn/src/compute_torque_chunk.cpp.o
[ 24%] Building CXX object CMakeFiles/lammps.dir/home/dhl/lammps_sevenn/src/compute_vacf.cpp.o
[ 24%] Building CXX object CMakeFiles/lammps.dir/home/dhl/lammps_sevenn/src/compute_vcm_chunk.cpp.o
[ 24%] Building CXX object CMakeFiles/lammps.dir/home/dhl/lammps_sevenn/src/create_atoms.cpp.o
[ 24%] Building CXX object CMakeFiles/lammps.dir/home/dhl/lammps_sevenn/src/create_bonds.cpp.o
[ 24%] Building CXX object CMakeFiles/lammps.dir/home/dhl/lammps_sevenn/src/create_box.cpp.o
[ 24%] Building CXX object CMakeFiles/lammps.dir/home/dhl/lammps_sevenn/src/delete_atoms.cpp.o
[ 25%] Building CXX object CMakeFiles/lammps.dir/home/dhl/lammps_sevenn/src/delete_bonds.cpp.o
[ 25%] Building CXX object CMakeFiles/lammps.dir/home/dhl/lammps_sevenn/src/deprecated.cpp.o
[ 25%] Building CXX object CMakeFiles/lammps.dir/home/dhl/lammps_sevenn/src/dihedral.cpp.o
[ 25%] Building CXX object CMakeFiles/lammps.dir/home/dhl/lammps_sevenn/src/dihedral_deprecated.cpp.o
[ 25%] Building CXX object CMakeFiles/lammps.dir/home/dhl/lammps_sevenn/src/dihedral_hybrid.cpp.o
[ 25%] Building CXX object CMakeFiles/lammps.dir/home/dhl/lammps_sevenn/src/dihedral_write.cpp.o
[ 26%] Building CXX object CMakeFiles/lammps.dir/home/dhl/lammps_sevenn/src/dihedral_zero.cpp.o
[ 26%] Building CXX object CMakeFiles/lammps.dir/home/dhl/lammps_sevenn/src/displace_atoms.cpp.o
[ 26%] Building CXX object CMakeFiles/lammps.dir/home/dhl/lammps_sevenn/src/domain.cpp.o
/home/dhl/lammps_sevenn/src/dihedral_write.cpp: In member function ‘virtual void LAMMPS_NS::DihedralWrite::command(int, char**)’:
/home/dhl/lammps_sevenn/src/dihedral_write.cpp:154:12: warning: ignoring return value of ‘char* fgets(char*, int, FILE*)’, declared with attribute warn_unused_result [-Wunused-result]
  154 |       fgets(line, MAXLINE, coeffs);
      |       ~~~~~^~~~~~~~~~~~~~~~~~~~~~~
[ 26%] Building CXX object CMakeFiles/lammps.dir/home/dhl/lammps_sevenn/src/dump.cpp.o
[ 26%] Building CXX object CMakeFiles/lammps.dir/home/dhl/lammps_sevenn/src/dump_atom.cpp.o
[ 26%] Building CXX object CMakeFiles/lammps.dir/home/dhl/lammps_sevenn/src/dump_cfg.cpp.o
[ 27%] Building CXX object CMakeFiles/lammps.dir/home/dhl/lammps_sevenn/src/dump_custom.cpp.o
[ 27%] Building CXX object CMakeFiles/lammps.dir/home/dhl/lammps_sevenn/src/dump_deprecated.cpp.o
[ 27%] Building CXX object CMakeFiles/lammps.dir/home/dhl/lammps_sevenn/src/dump_grid.cpp.o
[ 27%] Building CXX object CMakeFiles/lammps.dir/home/dhl/lammps_sevenn/src/dump_grid_vtk.cpp.o
[ 27%] Building CXX object CMakeFiles/lammps.dir/home/dhl/lammps_sevenn/src/dump_image.cpp.o
[ 27%] Building CXX object CMakeFiles/lammps.dir/home/dhl/lammps_sevenn/src/dump_local.cpp.o
[ 28%] Building CXX object CMakeFiles/lammps.dir/home/dhl/lammps_sevenn/src/dump_movie.cpp.o
[ 28%] Building CXX object CMakeFiles/lammps.dir/home/dhl/lammps_sevenn/src/dump_xyz.cpp.o
[ 28%] Building CXX object CMakeFiles/lammps.dir/home/dhl/lammps_sevenn/src/error.cpp.o
[ 28%] Building CXX object CMakeFiles/lammps.dir/home/dhl/lammps_sevenn/src/finish.cpp.o
[ 28%] Building CXX object CMakeFiles/lammps.dir/home/dhl/lammps_sevenn/src/fix.cpp.o
[ 28%] Building CXX object CMakeFiles/lammps.dir/home/dhl/lammps_sevenn/src/fix_adapt.cpp.o
[ 29%] Building CXX object CMakeFiles/lammps.dir/home/dhl/lammps_sevenn/src/fix_addforce.cpp.o
[ 29%] Building CXX object CMakeFiles/lammps.dir/home/dhl/lammps_sevenn/src/fix_ave_atom.cpp.o
[ 29%] Building CXX object CMakeFiles/lammps.dir/home/dhl/lammps_sevenn/src/fix_ave_chunk.cpp.o
[ 29%] Building CXX object CMakeFiles/lammps.dir/home/dhl/lammps_sevenn/src/fix_ave_correlate.cpp.o
[ 29%] Building CXX object CMakeFiles/lammps.dir/home/dhl/lammps_sevenn/src/fix_ave_grid.cpp.o
[ 29%] Building CXX object CMakeFiles/lammps.dir/home/dhl/lammps_sevenn/src/fix_ave_histo.cpp.o
[ 30%] Building CXX object CMakeFiles/lammps.dir/home/dhl/lammps_sevenn/src/fix_ave_histo_weight.cpp.o
[ 30%] Building CXX object CMakeFiles/lammps.dir/home/dhl/lammps_sevenn/src/fix_ave_time.cpp.o
[ 30%] Building CXX object CMakeFiles/lammps.dir/home/dhl/lammps_sevenn/src/fix_aveforce.cpp.o
[ 30%] Building CXX object CMakeFiles/lammps.dir/home/dhl/lammps_sevenn/src/fix_balance.cpp.o
[ 30%] Building CXX object CMakeFiles/lammps.dir/home/dhl/lammps_sevenn/src/fix_bond_history.cpp.o
[ 30%] Building CXX object CMakeFiles/lammps.dir/home/dhl/lammps_sevenn/src/fix_box_relax.cpp.o
[ 31%] Building CXX object CMakeFiles/lammps.dir/home/dhl/lammps_sevenn/src/fix_deform.cpp.o
[ 31%] Building CXX object CMakeFiles/lammps.dir/home/dhl/lammps_sevenn/src/fix_deposit.cpp.o
[ 31%] Building CXX object CMakeFiles/lammps.dir/home/dhl/lammps_sevenn/src/fix_deprecated.cpp.o
[ 31%] Building CXX object CMakeFiles/lammps.dir/home/dhl/lammps_sevenn/src/fix_dt_reset.cpp.o
[ 31%] Building CXX object CMakeFiles/lammps.dir/home/dhl/lammps_sevenn/src/fix_dummy.cpp.o
[ 31%] Building CXX object CMakeFiles/lammps.dir/home/dhl/lammps_sevenn/src/fix_efield.cpp.o
[ 32%] Building CXX object CMakeFiles/lammps.dir/home/dhl/lammps_sevenn/src/fix_enforce2d.cpp.o
[ 32%] Building CXX object CMakeFiles/lammps.dir/home/dhl/lammps_sevenn/src/fix_evaporate.cpp.o
[ 32%] Building CXX object CMakeFiles/lammps.dir/home/dhl/lammps_sevenn/src/fix_external.cpp.o
[ 32%] Building CXX object CMakeFiles/lammps.dir/home/dhl/lammps_sevenn/src/fix_gravity.cpp.o
[ 32%] Building CXX object CMakeFiles/lammps.dir/home/dhl/lammps_sevenn/src/fix_group.cpp.o
[ 32%] Building CXX object CMakeFiles/lammps.dir/home/dhl/lammps_sevenn/src/fix_halt.cpp.o
[ 33%] Building CXX object CMakeFiles/lammps.dir/home/dhl/lammps_sevenn/src/fix_heat.cpp.o
[ 33%] Building CXX object CMakeFiles/lammps.dir/home/dhl/lammps_sevenn/src/fix_indent.cpp.o
[ 33%] Building CXX object CMakeFiles/lammps.dir/home/dhl/lammps_sevenn/src/fix_langevin.cpp.o
[ 33%] Building CXX object CMakeFiles/lammps.dir/home/dhl/lammps_sevenn/src/fix_lineforce.cpp.o
[ 33%] Building CXX object CMakeFiles/lammps.dir/home/dhl/lammps_sevenn/src/fix_minimize.cpp.o
[ 33%] Building CXX object CMakeFiles/lammps.dir/home/dhl/lammps_sevenn/src/fix_momentum.cpp.o
[ 34%] Building CXX object CMakeFiles/lammps.dir/home/dhl/lammps_sevenn/src/fix_move.cpp.o
[ 34%] Building CXX object CMakeFiles/lammps.dir/home/dhl/lammps_sevenn/src/fix_neigh_history.cpp.o
[ 34%] Building CXX object CMakeFiles/lammps.dir/home/dhl/lammps_sevenn/src/fix_nh.cpp.o
[ 34%] Building CXX object CMakeFiles/lammps.dir/home/dhl/lammps_sevenn/src/fix_nh_sphere.cpp.o
[ 34%] Building CXX object CMakeFiles/lammps.dir/home/dhl/lammps_sevenn/src/fix_nph.cpp.o
[ 34%] Building CXX object CMakeFiles/lammps.dir/home/dhl/lammps_sevenn/src/fix_nph_sphere.cpp.o
[ 35%] Building CXX object CMakeFiles/lammps.dir/home/dhl/lammps_sevenn/src/fix_npt.cpp.o
[ 35%] Building CXX object CMakeFiles/lammps.dir/home/dhl/lammps_sevenn/src/fix_npt_sphere.cpp.o
[ 35%] Building CXX object CMakeFiles/lammps.dir/home/dhl/lammps_sevenn/src/fix_nve.cpp.o
[ 35%] Building CXX object CMakeFiles/lammps.dir/home/dhl/lammps_sevenn/src/fix_nve_limit.cpp.o
[ 35%] Building CXX object CMakeFiles/lammps.dir/home/dhl/lammps_sevenn/src/fix_nve_noforce.cpp.o
[ 35%] Building CXX object CMakeFiles/lammps.dir/home/dhl/lammps_sevenn/src/fix_nve_sphere.cpp.o
[ 36%] Building CXX object CMakeFiles/lammps.dir/home/dhl/lammps_sevenn/src/fix_nvt.cpp.o
[ 36%] Building CXX object CMakeFiles/lammps.dir/home/dhl/lammps_sevenn/src/fix_nvt_sllod.cpp.o
[ 36%] Building CXX object CMakeFiles/lammps.dir/home/dhl/lammps_sevenn/src/fix_nvt_sphere.cpp.o
[ 36%] Building CXX object CMakeFiles/lammps.dir/home/dhl/lammps_sevenn/src/fix_pair.cpp.o
[ 36%] Building CXX object CMakeFiles/lammps.dir/home/dhl/lammps_sevenn/src/fix_planeforce.cpp.o
[ 36%] Building CXX object CMakeFiles/lammps.dir/home/dhl/lammps_sevenn/src/fix_press_berendsen.cpp.o
[ 37%] Building CXX object CMakeFiles/lammps.dir/home/dhl/lammps_sevenn/src/fix_print.cpp.o
[ 37%] Building CXX object CMakeFiles/lammps.dir/home/dhl/lammps_sevenn/src/fix_property_atom.cpp.o
[ 37%] Building CXX object CMakeFiles/lammps.dir/home/dhl/lammps_sevenn/src/fix_read_restart.cpp.o
[ 37%] Building CXX object CMakeFiles/lammps.dir/home/dhl/lammps_sevenn/src/fix_recenter.cpp.o
[ 37%] Building CXX object CMakeFiles/lammps.dir/home/dhl/lammps_sevenn/src/fix_respa.cpp.o
[ 37%] Building CXX object CMakeFiles/lammps.dir/home/dhl/lammps_sevenn/src/fix_restrain.cpp.o
[ 37%] Building CXX object CMakeFiles/lammps.dir/home/dhl/lammps_sevenn/src/fix_setforce.cpp.o
[ 38%] Building CXX object CMakeFiles/lammps.dir/home/dhl/lammps_sevenn/src/fix_spring.cpp.o
[ 38%] Building CXX object CMakeFiles/lammps.dir/home/dhl/lammps_sevenn/src/fix_spring_chunk.cpp.o
[ 38%] Building CXX object CMakeFiles/lammps.dir/home/dhl/lammps_sevenn/src/fix_spring_self.cpp.o
[ 38%] Building CXX object CMakeFiles/lammps.dir/home/dhl/lammps_sevenn/src/fix_store_atom.cpp.o
[ 38%] Building CXX object CMakeFiles/lammps.dir/home/dhl/lammps_sevenn/src/fix_store_force.cpp.o
[ 38%] Building CXX object CMakeFiles/lammps.dir/home/dhl/lammps_sevenn/src/fix_store_global.cpp.o
[ 39%] Building CXX object CMakeFiles/lammps.dir/home/dhl/lammps_sevenn/src/fix_store_local.cpp.o
[ 39%] Building CXX object CMakeFiles/lammps.dir/home/dhl/lammps_sevenn/src/fix_store_state.cpp.o
[ 39%] Building CXX object CMakeFiles/lammps.dir/home/dhl/lammps_sevenn/src/fix_temp_berendsen.cpp.o
[ 39%] Building CXX object CMakeFiles/lammps.dir/home/dhl/lammps_sevenn/src/fix_temp_rescale.cpp.o
[ 39%] Building CXX object CMakeFiles/lammps.dir/home/dhl/lammps_sevenn/src/fix_thermal_conductivity.cpp.o
[ 39%] Building CXX object CMakeFiles/lammps.dir/home/dhl/lammps_sevenn/src/fix_update_special_bonds.cpp.o
[ 40%] Building CXX object CMakeFiles/lammps.dir/home/dhl/lammps_sevenn/src/fix_vector.cpp.o
[ 40%] Building CXX object CMakeFiles/lammps.dir/home/dhl/lammps_sevenn/src/fix_viscous.cpp.o
[ 40%] Building CXX object CMakeFiles/lammps.dir/home/dhl/lammps_sevenn/src/fix_wall.cpp.o
[ 40%] Building CXX object CMakeFiles/lammps.dir/home/dhl/lammps_sevenn/src/fix_wall_harmonic.cpp.o
[ 40%] Building CXX object CMakeFiles/lammps.dir/home/dhl/lammps_sevenn/src/fix_wall_lj1043.cpp.o
[ 40%] Building CXX object CMakeFiles/lammps.dir/home/dhl/lammps_sevenn/src/fix_wall_lj126.cpp.o
[ 41%] Building CXX object CMakeFiles/lammps.dir/home/dhl/lammps_sevenn/src/fix_wall_lj93.cpp.o
[ 41%] Building CXX object CMakeFiles/lammps.dir/home/dhl/lammps_sevenn/src/fix_wall_morse.cpp.o
[ 41%] Building CXX object CMakeFiles/lammps.dir/home/dhl/lammps_sevenn/src/fix_wall_reflect.cpp.o
[ 41%] Building CXX object CMakeFiles/lammps.dir/home/dhl/lammps_sevenn/src/fix_wall_region.cpp.o
[ 41%] Building CXX object CMakeFiles/lammps.dir/home/dhl/lammps_sevenn/src/fix_wall_table.cpp.o
[ 41%] Building CXX object CMakeFiles/lammps.dir/home/dhl/lammps_sevenn/src/fmtlib_format.cpp.o
[ 42%] Building CXX object CMakeFiles/lammps.dir/home/dhl/lammps_sevenn/src/fmtlib_os.cpp.o
[ 42%] Building CXX object CMakeFiles/lammps.dir/home/dhl/lammps_sevenn/src/force.cpp.o
[ 42%] Building CXX object CMakeFiles/lammps.dir/home/dhl/lammps_sevenn/src/grid2d.cpp.o
[ 42%] Building CXX object CMakeFiles/lammps.dir/home/dhl/lammps_sevenn/src/grid3d.cpp.o
[ 42%] Building CXX object CMakeFiles/lammps.dir/home/dhl/lammps_sevenn/src/group.cpp.o
[ 42%] Building CXX object CMakeFiles/lammps.dir/home/dhl/lammps_sevenn/src/hashlittle.cpp.o
[ 43%] Building CXX object CMakeFiles/lammps.dir/home/dhl/lammps_sevenn/src/image.cpp.o
[ 43%] Building CXX object CMakeFiles/lammps.dir/home/dhl/lammps_sevenn/src/imbalance.cpp.o
[ 43%] Building CXX object CMakeFiles/lammps.dir/home/dhl/lammps_sevenn/src/imbalance_group.cpp.o
[ 43%] Building CXX object CMakeFiles/lammps.dir/home/dhl/lammps_sevenn/src/imbalance_neigh.cpp.o
[ 43%] Building CXX object CMakeFiles/lammps.dir/home/dhl/lammps_sevenn/src/imbalance_store.cpp.o
[ 43%] Building CXX object CMakeFiles/lammps.dir/home/dhl/lammps_sevenn/src/imbalance_time.cpp.o
[ 44%] Building CXX object CMakeFiles/lammps.dir/home/dhl/lammps_sevenn/src/imbalance_var.cpp.o
[ 44%] Building CXX object CMakeFiles/lammps.dir/home/dhl/lammps_sevenn/src/improper.cpp.o
[ 44%] Building CXX object CMakeFiles/lammps.dir/home/dhl/lammps_sevenn/src/improper_deprecated.cpp.o
[ 44%] Building CXX object CMakeFiles/lammps.dir/home/dhl/lammps_sevenn/src/improper_hybrid.cpp.o
[ 44%] Building CXX object CMakeFiles/lammps.dir/home/dhl/lammps_sevenn/src/improper_zero.cpp.o
[ 44%] Building CXX object CMakeFiles/lammps.dir/home/dhl/lammps_sevenn/src/info.cpp.o
[ 45%] Building CXX object CMakeFiles/lammps.dir/home/dhl/lammps_sevenn/src/input.cpp.o
[ 45%] Building CXX object CMakeFiles/lammps.dir/home/dhl/lammps_sevenn/src/integrate.cpp.o
[ 45%] Building CXX object CMakeFiles/lammps.dir/home/dhl/lammps_sevenn/src/irregular.cpp.o
[ 45%] Building CXX object CMakeFiles/lammps.dir/home/dhl/lammps_sevenn/src/kspace.cpp.o
[ 45%] Building CXX object CMakeFiles/lammps.dir/home/dhl/lammps_sevenn/src/kspace_deprecated.cpp.o
[ 45%] Building CXX object CMakeFiles/lammps.dir/home/dhl/lammps_sevenn/src/label_map.cpp.o
[ 46%] Building CXX object CMakeFiles/lammps.dir/home/dhl/lammps_sevenn/src/lammps.cpp.o
[ 46%] Building CXX object CMakeFiles/lammps.dir/home/dhl/lammps_sevenn/src/lattice.cpp.o
[ 46%] Building CXX object CMakeFiles/lammps.dir/home/dhl/lammps_sevenn/src/library.cpp.o
[ 46%] Building CXX object CMakeFiles/lammps.dir/home/dhl/lammps_sevenn/src/lmppython.cpp.o
[ 46%] Building CXX object CMakeFiles/lammps.dir/home/dhl/lammps_sevenn/src/math_eigen.cpp.o
[ 46%] Building CXX object CMakeFiles/lammps.dir/home/dhl/lammps_sevenn/src/math_extra.cpp.o
[ 47%] Building CXX object CMakeFiles/lammps.dir/home/dhl/lammps_sevenn/src/math_special.cpp.o
[ 47%] Building CXX object CMakeFiles/lammps.dir/home/dhl/lammps_sevenn/src/min.cpp.o
[ 47%] Building CXX object CMakeFiles/lammps.dir/home/dhl/lammps_sevenn/src/memory.cpp.o
[ 47%] Building CXX object CMakeFiles/lammps.dir/home/dhl/lammps_sevenn/src/min_cg.cpp.o
[ 47%] Building CXX object CMakeFiles/lammps.dir/home/dhl/lammps_sevenn/src/min_deprecated.cpp.o
[ 47%] Building CXX object CMakeFiles/lammps.dir/home/dhl/lammps_sevenn/src/min_fire.cpp.o
[ 48%] Building CXX object CMakeFiles/lammps.dir/home/dhl/lammps_sevenn/src/min_hftn.cpp.o
[ 48%] Building CXX object CMakeFiles/lammps.dir/home/dhl/lammps_sevenn/src/min_linesearch.cpp.o
[ 48%] Building CXX object CMakeFiles/lammps.dir/home/dhl/lammps_sevenn/src/min_quickmin.cpp.o
[ 48%] Building CXX object CMakeFiles/lammps.dir/home/dhl/lammps_sevenn/src/min_sd.cpp.o
[ 48%] Building CXX object CMakeFiles/lammps.dir/home/dhl/lammps_sevenn/src/minimize.cpp.o
[ 48%] Building CXX object CMakeFiles/lammps.dir/home/dhl/lammps_sevenn/src/modify.cpp.o
[ 49%] Building CXX object CMakeFiles/lammps.dir/home/dhl/lammps_sevenn/src/molecule.cpp.o
[ 49%] Building CXX object CMakeFiles/lammps.dir/home/dhl/lammps_sevenn/src/my_page.cpp.o
[ 49%] Building CXX object CMakeFiles/lammps.dir/home/dhl/lammps_sevenn/src/my_pool_chunk.cpp.o
[ 49%] Building CXX object CMakeFiles/lammps.dir/home/dhl/lammps_sevenn/src/nbin.cpp.o
[ 49%] Building CXX object CMakeFiles/lammps.dir/home/dhl/lammps_sevenn/src/nbin_multi.cpp.o
[ 49%] Building CXX object CMakeFiles/lammps.dir/home/dhl/lammps_sevenn/src/nbin_standard.cpp.o
[ 50%] Building CXX object CMakeFiles/lammps.dir/home/dhl/lammps_sevenn/src/neigh_list.cpp.o
[ 50%] Building CXX object CMakeFiles/lammps.dir/home/dhl/lammps_sevenn/src/neigh_request.cpp.o
[ 50%] Building CXX object CMakeFiles/lammps.dir/home/dhl/lammps_sevenn/src/neighbor.cpp.o
[ 50%] Building CXX object CMakeFiles/lammps.dir/home/dhl/lammps_sevenn/src/npair.cpp.o
[ 50%] Building CXX object CMakeFiles/lammps.dir/home/dhl/lammps_sevenn/src/npair_copy.cpp.o
[ 50%] Building CXX object CMakeFiles/lammps.dir/home/dhl/lammps_sevenn/src/npair_full_bin.cpp.o
[ 51%] Building CXX object CMakeFiles/lammps.dir/home/dhl/lammps_sevenn/src/npair_full_bin_atomonly.cpp.o
[ 51%] Building CXX object CMakeFiles/lammps.dir/home/dhl/lammps_sevenn/src/npair_full_bin_ghost.cpp.o
[ 51%] Building CXX object CMakeFiles/lammps.dir/home/dhl/lammps_sevenn/src/npair_full_multi.cpp.o
[ 51%] Building CXX object CMakeFiles/lammps.dir/home/dhl/lammps_sevenn/src/npair_full_multi_old.cpp.o
[ 51%] Building CXX object CMakeFiles/lammps.dir/home/dhl/lammps_sevenn/src/npair_full_nsq.cpp.o
[ 51%] Building CXX object CMakeFiles/lammps.dir/home/dhl/lammps_sevenn/src/npair_full_nsq_ghost.cpp.o
[ 52%] Building CXX object CMakeFiles/lammps.dir/home/dhl/lammps_sevenn/src/npair_half_bin_atomonly_newton.cpp.o
[ 52%] Building CXX object CMakeFiles/lammps.dir/home/dhl/lammps_sevenn/src/npair_half_bin_newtoff.cpp.o
[ 52%] Building CXX object CMakeFiles/lammps.dir/home/dhl/lammps_sevenn/src/npair_half_bin_newtoff_ghost.cpp.o
[ 52%] Building CXX object CMakeFiles/lammps.dir/home/dhl/lammps_sevenn/src/npair_half_bin_newton.cpp.o
[ 52%] Building CXX object CMakeFiles/lammps.dir/home/dhl/lammps_sevenn/src/npair_half_bin_newton_tri.cpp.o
[ 52%] Building CXX object CMakeFiles/lammps.dir/home/dhl/lammps_sevenn/src/npair_half_multi_newtoff.cpp.o
[ 53%] Building CXX object CMakeFiles/lammps.dir/home/dhl/lammps_sevenn/src/npair_half_multi_newton.cpp.o
[ 53%] Building CXX object CMakeFiles/lammps.dir/home/dhl/lammps_sevenn/src/npair_half_multi_newton_tri.cpp.o
[ 53%] Building CXX object CMakeFiles/lammps.dir/home/dhl/lammps_sevenn/src/npair_half_multi_old_newtoff.cpp.o
[ 53%] Building CXX object CMakeFiles/lammps.dir/home/dhl/lammps_sevenn/src/npair_half_multi_old_newton.cpp.o
[ 53%] Building CXX object CMakeFiles/lammps.dir/home/dhl/lammps_sevenn/src/npair_half_multi_old_newton_tri.cpp.o
[ 53%] Building CXX object CMakeFiles/lammps.dir/home/dhl/lammps_sevenn/src/npair_half_nsq_newtoff.cpp.o
[ 54%] Building CXX object CMakeFiles/lammps.dir/home/dhl/lammps_sevenn/src/npair_half_nsq_newtoff_ghost.cpp.o
[ 54%] Building CXX object CMakeFiles/lammps.dir/home/dhl/lammps_sevenn/src/npair_half_nsq_newton.cpp.o
[ 54%] Building CXX object CMakeFiles/lammps.dir/home/dhl/lammps_sevenn/src/npair_half_respa_bin_newtoff.cpp.o
[ 54%] Building CXX object CMakeFiles/lammps.dir/home/dhl/lammps_sevenn/src/npair_half_respa_bin_newton.cpp.o
[ 54%] Building CXX object CMakeFiles/lammps.dir/home/dhl/lammps_sevenn/src/npair_half_respa_bin_newton_tri.cpp.o
[ 54%] Building CXX object CMakeFiles/lammps.dir/home/dhl/lammps_sevenn/src/npair_half_respa_nsq_newtoff.cpp.o
[ 55%] Building CXX object CMakeFiles/lammps.dir/home/dhl/lammps_sevenn/src/npair_half_respa_nsq_newton.cpp.o
[ 55%] Building CXX object CMakeFiles/lammps.dir/home/dhl/lammps_sevenn/src/npair_half_size_bin_newtoff.cpp.o
[ 55%] Building CXX object CMakeFiles/lammps.dir/home/dhl/lammps_sevenn/src/npair_half_size_bin_newton.cpp.o
[ 55%] Building CXX object CMakeFiles/lammps.dir/home/dhl/lammps_sevenn/src/npair_half_size_bin_newton_tri.cpp.o
[ 55%] Building CXX object CMakeFiles/lammps.dir/home/dhl/lammps_sevenn/src/npair_half_size_multi_newtoff.cpp.o
[ 55%] Building CXX object CMakeFiles/lammps.dir/home/dhl/lammps_sevenn/src/npair_half_size_multi_newton.cpp.o
[ 56%] Building CXX object CMakeFiles/lammps.dir/home/dhl/lammps_sevenn/src/npair_half_size_multi_newton_tri.cpp.o
[ 56%] Building CXX object CMakeFiles/lammps.dir/home/dhl/lammps_sevenn/src/npair_half_size_multi_old_newtoff.cpp.o
[ 56%] Building CXX object CMakeFiles/lammps.dir/home/dhl/lammps_sevenn/src/npair_half_size_multi_old_newton.cpp.o
[ 56%] Building CXX object CMakeFiles/lammps.dir/home/dhl/lammps_sevenn/src/npair_half_size_multi_old_newton_tri.cpp.o
[ 56%] Building CXX object CMakeFiles/lammps.dir/home/dhl/lammps_sevenn/src/npair_half_size_nsq_newtoff.cpp.o
[ 56%] Building CXX object CMakeFiles/lammps.dir/home/dhl/lammps_sevenn/src/npair_half_size_nsq_newton.cpp.o
[ 57%] Building CXX object CMakeFiles/lammps.dir/home/dhl/lammps_sevenn/src/npair_halffull_newtoff.cpp.o
[ 57%] Building CXX object CMakeFiles/lammps.dir/home/dhl/lammps_sevenn/src/npair_halffull_newtoff_trim.cpp.o
[ 57%] Building CXX object CMakeFiles/lammps.dir/home/dhl/lammps_sevenn/src/npair_halffull_newton.cpp.o
[ 57%] Building CXX object CMakeFiles/lammps.dir/home/dhl/lammps_sevenn/src/npair_halffull_newton_trim.cpp.o
[ 57%] Building CXX object CMakeFiles/lammps.dir/home/dhl/lammps_sevenn/src/npair_skip.cpp.o
[ 57%] Building CXX object CMakeFiles/lammps.dir/home/dhl/lammps_sevenn/src/npair_skip_respa.cpp.o
[ 58%] Building CXX object CMakeFiles/lammps.dir/home/dhl/lammps_sevenn/src/npair_skip_size.cpp.o
[ 58%] Building CXX object CMakeFiles/lammps.dir/home/dhl/lammps_sevenn/src/npair_skip_size_off2on.cpp.o
[ 58%] Building CXX object CMakeFiles/lammps.dir/home/dhl/lammps_sevenn/src/npair_skip_size_off2on_oneside.cpp.o
[ 58%] Building CXX object CMakeFiles/lammps.dir/home/dhl/lammps_sevenn/src/npair_trim.cpp.o
[ 58%] Building CXX object CMakeFiles/lammps.dir/home/dhl/lammps_sevenn/src/nstencil.cpp.o
[ 58%] Building CXX object CMakeFiles/lammps.dir/home/dhl/lammps_sevenn/src/nstencil_full_bin_2d.cpp.o
[ 59%] Building CXX object CMakeFiles/lammps.dir/home/dhl/lammps_sevenn/src/nstencil_full_bin_3d.cpp.o
[ 59%] Building CXX object CMakeFiles/lammps.dir/home/dhl/lammps_sevenn/src/nstencil_full_ghost_bin_2d.cpp.o
[ 59%] Building CXX object CMakeFiles/lammps.dir/home/dhl/lammps_sevenn/src/nstencil_full_ghost_bin_3d.cpp.o
[ 59%] Building CXX object CMakeFiles/lammps.dir/home/dhl/lammps_sevenn/src/nstencil_full_multi_2d.cpp.o
[ 59%] Building CXX object CMakeFiles/lammps.dir/home/dhl/lammps_sevenn/src/nstencil_full_multi_3d.cpp.o
[ 59%] Building CXX object CMakeFiles/lammps.dir/home/dhl/lammps_sevenn/src/nstencil_full_multi_old_2d.cpp.o
[ 60%] Building CXX object CMakeFiles/lammps.dir/home/dhl/lammps_sevenn/src/nstencil_full_multi_old_3d.cpp.o
[ 60%] Building CXX object CMakeFiles/lammps.dir/home/dhl/lammps_sevenn/src/nstencil_half_bin_2d.cpp.o
[ 60%] Building CXX object CMakeFiles/lammps.dir/home/dhl/lammps_sevenn/src/nstencil_half_bin_2d_tri.cpp.o
[ 60%] Building CXX object CMakeFiles/lammps.dir/home/dhl/lammps_sevenn/src/nstencil_half_bin_3d.cpp.o
[ 60%] Building CXX object CMakeFiles/lammps.dir/home/dhl/lammps_sevenn/src/nstencil_half_bin_3d_tri.cpp.o
[ 60%] Building CXX object CMakeFiles/lammps.dir/home/dhl/lammps_sevenn/src/nstencil_half_multi_2d.cpp.o
[ 61%] Building CXX object CMakeFiles/lammps.dir/home/dhl/lammps_sevenn/src/nstencil_half_multi_2d_tri.cpp.o
[ 61%] Building CXX object CMakeFiles/lammps.dir/home/dhl/lammps_sevenn/src/nstencil_half_multi_3d.cpp.o
[ 61%] Building CXX object CMakeFiles/lammps.dir/home/dhl/lammps_sevenn/src/nstencil_half_multi_3d_tri.cpp.o
[ 61%] Building CXX object CMakeFiles/lammps.dir/home/dhl/lammps_sevenn/src/nstencil_half_multi_old_2d.cpp.o
[ 61%] Building CXX object CMakeFiles/lammps.dir/home/dhl/lammps_sevenn/src/nstencil_half_multi_old_2d_tri.cpp.o
[ 61%] Building CXX object CMakeFiles/lammps.dir/home/dhl/lammps_sevenn/src/nstencil_half_multi_old_3d.cpp.o
[ 62%] Building CXX object CMakeFiles/lammps.dir/home/dhl/lammps_sevenn/src/nstencil_half_multi_old_3d_tri.cpp.o
[ 62%] Building CXX object CMakeFiles/lammps.dir/home/dhl/lammps_sevenn/src/ntopo.cpp.o
[ 62%] Building CXX object CMakeFiles/lammps.dir/home/dhl/lammps_sevenn/src/ntopo_angle_all.cpp.o
[ 62%] Building CXX object CMakeFiles/lammps.dir/home/dhl/lammps_sevenn/src/ntopo_angle_partial.cpp.o
[ 62%] Building CXX object CMakeFiles/lammps.dir/home/dhl/lammps_sevenn/src/ntopo_angle_template.cpp.o
[ 62%] Building CXX object CMakeFiles/lammps.dir/home/dhl/lammps_sevenn/src/ntopo_bond_all.cpp.o
[ 63%] Building CXX object CMakeFiles/lammps.dir/home/dhl/lammps_sevenn/src/ntopo_bond_partial.cpp.o
[ 63%] Building CXX object CMakeFiles/lammps.dir/home/dhl/lammps_sevenn/src/ntopo_bond_template.cpp.o
[ 63%] Building CXX object CMakeFiles/lammps.dir/home/dhl/lammps_sevenn/src/ntopo_dihedral_all.cpp.o
[ 63%] Building CXX object CMakeFiles/lammps.dir/home/dhl/lammps_sevenn/src/ntopo_dihedral_partial.cpp.o
[ 63%] Building CXX object CMakeFiles/lammps.dir/home/dhl/lammps_sevenn/src/ntopo_dihedral_template.cpp.o
[ 63%] Building CXX object CMakeFiles/lammps.dir/home/dhl/lammps_sevenn/src/ntopo_improper_all.cpp.o
[ 64%] Building CXX object CMakeFiles/lammps.dir/home/dhl/lammps_sevenn/src/ntopo_improper_partial.cpp.o
[ 64%] Building CXX object CMakeFiles/lammps.dir/home/dhl/lammps_sevenn/src/ntopo_improper_template.cpp.o
[ 64%] Building CXX object CMakeFiles/lammps.dir/home/dhl/lammps_sevenn/src/output.cpp.o
[ 64%] Building CXX object CMakeFiles/lammps.dir/home/dhl/lammps_sevenn/src/pair.cpp.o
[ 64%] Building CXX object CMakeFiles/lammps.dir/home/dhl/lammps_sevenn/src/pair_born.cpp.o
[ 64%] Building CXX object CMakeFiles/lammps.dir/home/dhl/lammps_sevenn/src/pair_buck.cpp.o
[ 65%] Building CXX object CMakeFiles/lammps.dir/home/dhl/lammps_sevenn/src/pair_buck_coul_cut.cpp.o
[ 65%] Building CXX object CMakeFiles/lammps.dir/home/dhl/lammps_sevenn/src/pair_coul_cut.cpp.o
[ 65%] Building CXX object CMakeFiles/lammps.dir/home/dhl/lammps_sevenn/src/pair_coul_debye.cpp.o
[ 65%] Building CXX object CMakeFiles/lammps.dir/home/dhl/lammps_sevenn/src/pair_coul_dsf.cpp.o
[ 65%] Building CXX object CMakeFiles/lammps.dir/home/dhl/lammps_sevenn/src/pair_coul_wolf.cpp.o
[ 65%] Building CXX object CMakeFiles/lammps.dir/home/dhl/lammps_sevenn/src/pair_deprecated.cpp.o
[ 66%] Building CXX object CMakeFiles/lammps.dir/home/dhl/lammps_sevenn/src/pair_e3gnn.cpp.o
[ 66%] Building CXX object CMakeFiles/lammps.dir/home/dhl/lammps_sevenn/src/pair_e3gnn_oeq_autograd.cpp.o
[ 66%] Building CXX object CMakeFiles/lammps.dir/home/dhl/lammps_sevenn/src/pair_hybrid.cpp.o
[ 66%] Building CXX object CMakeFiles/lammps.dir/home/dhl/lammps_sevenn/src/pair_hybrid_overlay.cpp.o
[ 66%] Building CXX object CMakeFiles/lammps.dir/home/dhl/lammps_sevenn/src/pair_hybrid_scaled.cpp.o
[ 66%] Building CXX object CMakeFiles/lammps.dir/home/dhl/lammps_sevenn/src/pair_lj_cut.cpp.o
[ 67%] Building CXX object CMakeFiles/lammps.dir/home/dhl/lammps_sevenn/src/pair_lj_cut_coul_cut.cpp.o
[ 67%] Building CXX object CMakeFiles/lammps.dir/home/dhl/lammps_sevenn/src/pair_lj_expand.cpp.o
[ 67%] Building CXX object CMakeFiles/lammps.dir/home/dhl/lammps_sevenn/src/pair_morse.cpp.o
[ 67%] Building CXX object CMakeFiles/lammps.dir/home/dhl/lammps_sevenn/src/pair_soft.cpp.o
[ 67%] Building CXX object CMakeFiles/lammps.dir/home/dhl/lammps_sevenn/src/pair_table.cpp.o
[ 67%] Building CXX object CMakeFiles/lammps.dir/home/dhl/lammps_sevenn/src/pair_yukawa.cpp.o
[ 68%] Building CXX object CMakeFiles/lammps.dir/home/dhl/lammps_sevenn/src/pair_zbl.cpp.o
[ 68%] Building CXX object CMakeFiles/lammps.dir/home/dhl/lammps_sevenn/src/pair_zero.cpp.o
[ 68%] Building CXX object CMakeFiles/lammps.dir/home/dhl/lammps_sevenn/src/platform.cpp.o
[ 68%] Building CXX object CMakeFiles/lammps.dir/home/dhl/lammps_sevenn/src/potential_file_reader.cpp.o
[ 68%] Building CXX object CMakeFiles/lammps.dir/home/dhl/lammps_sevenn/src/procmap.cpp.o
[ 68%] Building CXX object CMakeFiles/lammps.dir/home/dhl/lammps_sevenn/src/random_mars.cpp.o
[ 69%] Building CXX object CMakeFiles/lammps.dir/home/dhl/lammps_sevenn/src/random_park.cpp.o
[ 69%] Building CXX object CMakeFiles/lammps.dir/home/dhl/lammps_sevenn/src/rcb.cpp.o
[ 69%] Building CXX object CMakeFiles/lammps.dir/home/dhl/lammps_sevenn/src/read_data.cpp.o
[ 69%] Building CXX object CMakeFiles/lammps.dir/home/dhl/lammps_sevenn/src/read_dump.cpp.o
[ 69%] Building CXX object CMakeFiles/lammps.dir/home/dhl/lammps_sevenn/src/read_restart.cpp.o
[ 69%] Building CXX object CMakeFiles/lammps.dir/home/dhl/lammps_sevenn/src/reader.cpp.o
[ 70%] Building CXX object CMakeFiles/lammps.dir/home/dhl/lammps_sevenn/src/reader_native.cpp.o
[ 70%] Building CXX object CMakeFiles/lammps.dir/home/dhl/lammps_sevenn/src/reader_xyz.cpp.o
[ 70%] Building CXX object CMakeFiles/lammps.dir/home/dhl/lammps_sevenn/src/region.cpp.o
[ 70%] Building CXX object CMakeFiles/lammps.dir/home/dhl/lammps_sevenn/src/region_block.cpp.o
[ 70%] Building CXX object CMakeFiles/lammps.dir/home/dhl/lammps_sevenn/src/region_cone.cpp.o
[ 70%] Building CXX object CMakeFiles/lammps.dir/home/dhl/lammps_sevenn/src/region_cylinder.cpp.o
[ 70%] Building CXX object CMakeFiles/lammps.dir/home/dhl/lammps_sevenn/src/region_deprecated.cpp.o
[ 71%] Building CXX object CMakeFiles/lammps.dir/home/dhl/lammps_sevenn/src/region_ellipsoid.cpp.o
[ 71%] Building CXX object CMakeFiles/lammps.dir/home/dhl/lammps_sevenn/src/region_intersect.cpp.o
[ 71%] Building CXX object CMakeFiles/lammps.dir/home/dhl/lammps_sevenn/src/region_plane.cpp.o
[ 71%] Building CXX object CMakeFiles/lammps.dir/home/dhl/lammps_sevenn/src/region_prism.cpp.o
[ 71%] Building CXX object CMakeFiles/lammps.dir/home/dhl/lammps_sevenn/src/region_sphere.cpp.o
[ 71%] Building CXX object CMakeFiles/lammps.dir/home/dhl/lammps_sevenn/src/region_union.cpp.o
[ 72%] Building CXX object CMakeFiles/lammps.dir/home/dhl/lammps_sevenn/src/replicate.cpp.o
[ 72%] Building CXX object CMakeFiles/lammps.dir/home/dhl/lammps_sevenn/src/rerun.cpp.o
[ 72%] Building CXX object CMakeFiles/lammps.dir/home/dhl/lammps_sevenn/src/reset_atoms_id.cpp.o
[ 72%] Building CXX object CMakeFiles/lammps.dir/home/dhl/lammps_sevenn/src/reset_atoms_image.cpp.o
[ 72%] Building CXX object CMakeFiles/lammps.dir/home/dhl/lammps_sevenn/src/reset_atoms_mol.cpp.o
[ 72%] Building CXX object CMakeFiles/lammps.dir/home/dhl/lammps_sevenn/src/respa.cpp.o
[ 73%] Building CXX object CMakeFiles/lammps.dir/home/dhl/lammps_sevenn/src/run.cpp.o
[ 73%] Building CXX object CMakeFiles/lammps.dir/home/dhl/lammps_sevenn/src/set.cpp.o
[ 73%] Building CXX object CMakeFiles/lammps.dir/home/dhl/lammps_sevenn/src/special.cpp.o
[ 73%] Building CXX object CMakeFiles/lammps.dir/home/dhl/lammps_sevenn/src/table_file_reader.cpp.o
[ 73%] Building CXX object CMakeFiles/lammps.dir/home/dhl/lammps_sevenn/src/tabular_function.cpp.o
[ 73%] Building CXX object CMakeFiles/lammps.dir/home/dhl/lammps_sevenn/src/text_file_reader.cpp.o
[ 74%] Building CXX object CMakeFiles/lammps.dir/home/dhl/lammps_sevenn/src/thermo.cpp.o
[ 74%] Building CXX object CMakeFiles/lammps.dir/home/dhl/lammps_sevenn/src/timer.cpp.o
[ 74%] Building CXX object CMakeFiles/lammps.dir/home/dhl/lammps_sevenn/src/tokenizer.cpp.o
[ 74%] Building CXX object CMakeFiles/lammps.dir/home/dhl/lammps_sevenn/src/universe.cpp.o
[ 74%] Building CXX object CMakeFiles/lammps.dir/home/dhl/lammps_sevenn/src/update.cpp.o
[ 74%] Building CXX object CMakeFiles/lammps.dir/home/dhl/lammps_sevenn/src/utils.cpp.o
[ 75%] Building CXX object CMakeFiles/lammps.dir/home/dhl/lammps_sevenn/src/variable.cpp.o
[ 75%] Building CXX object CMakeFiles/lammps.dir/home/dhl/lammps_sevenn/src/velocity.cpp.o
[ 75%] Building CXX object CMakeFiles/lammps.dir/home/dhl/lammps_sevenn/src/verlet.cpp.o
/home/dhl/lammps_sevenn/src/variable.cpp: In member function ‘int LAMMPS_NS::Variable::next(int, char**)’:
/home/dhl/lammps_sevenn/src/variable.cpp:786:14: warning: ignoring return value of ‘size_t fread(void*, size_t, size_t, FILE*)’, declared with attribute warn_unused_result [-Wunused-result]
  786 |         fread(buf,1,64,fp);
      |         ~~~~~^~~~~~~~~~~~~
[ 75%] Building CXX object CMakeFiles/lammps.dir/home/dhl/lammps_sevenn/src/write_coeff.cpp.o
[ 75%] Building CXX object CMakeFiles/lammps.dir/home/dhl/lammps_sevenn/src/write_data.cpp.o
[ 75%] Building CXX object CMakeFiles/lammps.dir/home/dhl/lammps_sevenn/src/write_dump.cpp.o
[ 76%] Building CXX object CMakeFiles/lammps.dir/home/dhl/lammps_sevenn/src/write_restart.cpp.o
[ 76%] Building CXX object CMakeFiles/lammps.dir/home/dhl/lammps_sevenn/src/EXTRA-PAIR/pair_beck.cpp.o
[ 76%] Building CXX object CMakeFiles/lammps.dir/home/dhl/lammps_sevenn/src/EXTRA-PAIR/pair_born_coul_dsf.cpp.o
[ 76%] Building CXX object CMakeFiles/lammps.dir/home/dhl/lammps_sevenn/src/EXTRA-PAIR/pair_born_coul_wolf.cpp.o
[ 76%] Building CXX object CMakeFiles/lammps.dir/home/dhl/lammps_sevenn/src/EXTRA-PAIR/pair_born_gauss.cpp.o
[ 76%] Building CXX object CMakeFiles/lammps.dir/home/dhl/lammps_sevenn/src/EXTRA-PAIR/pair_buck_mdf.cpp.o
[ 77%] Building CXX object CMakeFiles/lammps.dir/home/dhl/lammps_sevenn/src/EXTRA-PAIR/pair_cosine_squared.cpp.o
[ 77%] Building CXX object CMakeFiles/lammps.dir/home/dhl/lammps_sevenn/src/EXTRA-PAIR/pair_coul_cut_global.cpp.o
[ 77%] Building CXX object CMakeFiles/lammps.dir/home/dhl/lammps_sevenn/src/EXTRA-PAIR/pair_coul_diel.cpp.o
[ 77%] Building CXX object CMakeFiles/lammps.dir/home/dhl/lammps_sevenn/src/EXTRA-PAIR/pair_coul_exclude.cpp.o
[ 77%] Building CXX object CMakeFiles/lammps.dir/home/dhl/lammps_sevenn/src/EXTRA-PAIR/pair_coul_slater_cut.cpp.o
[ 77%] Building CXX object CMakeFiles/lammps.dir/home/dhl/lammps_sevenn/src/EXTRA-PAIR/pair_coul_slater_long.cpp.o
[ 78%] Building CXX object CMakeFiles/lammps.dir/home/dhl/lammps_sevenn/src/EXTRA-PAIR/pair_e3b.cpp.o
[ 78%] Building CXX object CMakeFiles/lammps.dir/home/dhl/lammps_sevenn/src/EXTRA-PAIR/pair_gauss.cpp.o
[ 78%] Building CXX object CMakeFiles/lammps.dir/home/dhl/lammps_sevenn/src/EXTRA-PAIR/pair_gauss_cut.cpp.o
[ 78%] Building CXX object CMakeFiles/lammps.dir/home/dhl/lammps_sevenn/src/EXTRA-PAIR/pair_harmonic_cut.cpp.o
[ 78%] Building CXX object CMakeFiles/lammps.dir/home/dhl/lammps_sevenn/src/EXTRA-PAIR/pair_lennard_mdf.cpp.o
[ 78%] Building CXX object CMakeFiles/lammps.dir/home/dhl/lammps_sevenn/src/EXTRA-PAIR/pair_lj96_cut.cpp.o
[ 79%] Building CXX object CMakeFiles/lammps.dir/home/dhl/lammps_sevenn/src/EXTRA-PAIR/pair_lj_cubic.cpp.o
[ 79%] Building CXX object CMakeFiles/lammps.dir/home/dhl/lammps_sevenn/src/EXTRA-PAIR/pair_lj_cut_coul_debye.cpp.o
[ 79%] Building CXX object CMakeFiles/lammps.dir/home/dhl/lammps_sevenn/src/EXTRA-PAIR/pair_lj_cut_coul_dsf.cpp.o
[ 79%] Building CXX object CMakeFiles/lammps.dir/home/dhl/lammps_sevenn/src/EXTRA-PAIR/pair_lj_cut_coul_wolf.cpp.o
[ 79%] Building CXX object CMakeFiles/lammps.dir/home/dhl/lammps_sevenn/src/EXTRA-PAIR/pair_lj_cut_sphere.cpp.o
[ 79%] Building CXX object CMakeFiles/lammps.dir/home/dhl/lammps_sevenn/src/EXTRA-PAIR/pair_lj_expand_coul_long.cpp.o
[ 80%] Building CXX object CMakeFiles/lammps.dir/home/dhl/lammps_sevenn/src/EXTRA-PAIR/pair_lj_expand_sphere.cpp.o
[ 80%] Building CXX object CMakeFiles/lammps.dir/home/dhl/lammps_sevenn/src/EXTRA-PAIR/pair_lj_gromacs.cpp.o
[ 80%] Building CXX object CMakeFiles/lammps.dir/home/dhl/lammps_sevenn/src/EXTRA-PAIR/pair_lj_gromacs_coul_gromacs.cpp.o
[ 80%] Building CXX object CMakeFiles/lammps.dir/home/dhl/lammps_sevenn/src/EXTRA-PAIR/pair_lj_mdf.cpp.o
[ 80%] Building CXX object CMakeFiles/lammps.dir/home/dhl/lammps_sevenn/src/EXTRA-PAIR/pair_lj_relres.cpp.o
[ 80%] Building CXX object CMakeFiles/lammps.dir/home/dhl/lammps_sevenn/src/EXTRA-PAIR/pair_lj_smooth.cpp.o
[ 81%] Building CXX object CMakeFiles/lammps.dir/home/dhl/lammps_sevenn/src/EXTRA-PAIR/pair_lj_smooth_linear.cpp.o
[ 81%] Building CXX object CMakeFiles/lammps.dir/home/dhl/lammps_sevenn/src/EXTRA-PAIR/pair_mie_cut.cpp.o
[ 81%] Building CXX object CMakeFiles/lammps.dir/home/dhl/lammps_sevenn/src/EXTRA-PAIR/pair_momb.cpp.o
[ 81%] Building CXX object CMakeFiles/lammps.dir/home/dhl/lammps_sevenn/src/EXTRA-PAIR/pair_morse_smooth_linear.cpp.o
[ 81%] Building CXX object CMakeFiles/lammps.dir/home/dhl/lammps_sevenn/src/EXTRA-PAIR/pair_nm_cut.cpp.o
[ 81%] Building CXX object CMakeFiles/lammps.dir/home/dhl/lammps_sevenn/src/EXTRA-PAIR/pair_nm_cut_coul_cut.cpp.o
[ 82%] Building CXX object CMakeFiles/lammps.dir/home/dhl/lammps_sevenn/src/EXTRA-PAIR/pair_nm_cut_coul_long.cpp.o
[ 82%] Building CXX object CMakeFiles/lammps.dir/home/dhl/lammps_sevenn/src/EXTRA-PAIR/pair_nm_cut_split.cpp.o
[ 82%] Building CXX object CMakeFiles/lammps.dir/home/dhl/lammps_sevenn/src/EXTRA-PAIR/pair_ufm.cpp.o
[ 82%] Building CXX object CMakeFiles/lammps.dir/home/dhl/lammps_sevenn/src/EXTRA-PAIR/pair_wf_cut.cpp.o
[ 82%] Building CXX object CMakeFiles/lammps.dir/home/dhl/lammps_sevenn/src/KSPACE/ewald.cpp.o
[ 82%] Building CXX object CMakeFiles/lammps.dir/home/dhl/lammps_sevenn/src/KSPACE/ewald_dipole.cpp.o
[ 83%] Building CXX object CMakeFiles/lammps.dir/home/dhl/lammps_sevenn/src/KSPACE/ewald_dipole_spin.cpp.o
[ 83%] Building CXX object CMakeFiles/lammps.dir/home/dhl/lammps_sevenn/src/KSPACE/ewald_disp.cpp.o
[ 83%] Building CXX object CMakeFiles/lammps.dir/home/dhl/lammps_sevenn/src/KSPACE/fft3d.cpp.o
[ 83%] Building CXX object CMakeFiles/lammps.dir/home/dhl/lammps_sevenn/src/KSPACE/fft3d_wrap.cpp.o
[ 83%] Building CXX object CMakeFiles/lammps.dir/home/dhl/lammps_sevenn/src/KSPACE/fix_tune_kspace.cpp.o
[ 83%] Building CXX object CMakeFiles/lammps.dir/home/dhl/lammps_sevenn/src/KSPACE/msm.cpp.o
[ 84%] Building CXX object CMakeFiles/lammps.dir/home/dhl/lammps_sevenn/src/KSPACE/msm_cg.cpp.o
[ 84%] Building CXX object CMakeFiles/lammps.dir/home/dhl/lammps_sevenn/src/KSPACE/pair_born_coul_long.cpp.o
[ 84%] Building CXX object CMakeFiles/lammps.dir/home/dhl/lammps_sevenn/src/KSPACE/pair_born_coul_msm.cpp.o
[ 84%] Building CXX object CMakeFiles/lammps.dir/home/dhl/lammps_sevenn/src/KSPACE/pair_buck_coul_long.cpp.o
[ 84%] Building CXX object CMakeFiles/lammps.dir/home/dhl/lammps_sevenn/src/KSPACE/pair_buck_coul_msm.cpp.o
[ 84%] Building CXX object CMakeFiles/lammps.dir/home/dhl/lammps_sevenn/src/KSPACE/pair_buck_long_coul_long.cpp.o
[ 85%] Building CXX object CMakeFiles/lammps.dir/home/dhl/lammps_sevenn/src/KSPACE/pair_coul_long.cpp.o
[ 85%] Building CXX object CMakeFiles/lammps.dir/home/dhl/lammps_sevenn/src/KSPACE/pair_coul_msm.cpp.o
[ 85%] Building CXX object CMakeFiles/lammps.dir/home/dhl/lammps_sevenn/src/KSPACE/pair_coul_streitz.cpp.o
[ 85%] Building CXX object CMakeFiles/lammps.dir/home/dhl/lammps_sevenn/src/KSPACE/pair_lj_charmm_coul_long.cpp.o
[ 85%] Building CXX object CMakeFiles/lammps.dir/home/dhl/lammps_sevenn/src/KSPACE/pair_lj_charmm_coul_msm.cpp.o
[ 85%] Building CXX object CMakeFiles/lammps.dir/home/dhl/lammps_sevenn/src/KSPACE/pair_lj_charmmfsw_coul_long.cpp.o
[ 86%] Building CXX object CMakeFiles/lammps.dir/home/dhl/lammps_sevenn/src/KSPACE/pair_lj_cut_coul_long.cpp.o
[ 86%] Building CXX object CMakeFiles/lammps.dir/home/dhl/lammps_sevenn/src/KSPACE/pair_lj_cut_coul_msm.cpp.o
[ 86%] Building CXX object CMakeFiles/lammps.dir/home/dhl/lammps_sevenn/src/KSPACE/pair_lj_cut_tip4p_long.cpp.o
[ 86%] Building CXX object CMakeFiles/lammps.dir/home/dhl/lammps_sevenn/src/KSPACE/pair_lj_long_coul_long.cpp.o
[ 86%] Building CXX object CMakeFiles/lammps.dir/home/dhl/lammps_sevenn/src/KSPACE/pair_lj_long_tip4p_long.cpp.o
[ 86%] Building CXX object CMakeFiles/lammps.dir/home/dhl/lammps_sevenn/src/KSPACE/pair_tip4p_long.cpp.o
[ 87%] Building CXX object CMakeFiles/lammps.dir/home/dhl/lammps_sevenn/src/KSPACE/pppm.cpp.o
[ 87%] Building CXX object CMakeFiles/lammps.dir/home/dhl/lammps_sevenn/src/KSPACE/pppm_cg.cpp.o
[ 87%] Building CXX object CMakeFiles/lammps.dir/home/dhl/lammps_sevenn/src/KSPACE/pppm_dipole.cpp.o
[ 87%] Building CXX object CMakeFiles/lammps.dir/home/dhl/lammps_sevenn/src/KSPACE/pppm_dipole_spin.cpp.o
[ 87%] Building CXX object CMakeFiles/lammps.dir/home/dhl/lammps_sevenn/src/KSPACE/pppm_disp.cpp.o
[ 87%] Building CXX object CMakeFiles/lammps.dir/home/dhl/lammps_sevenn/src/KSPACE/pppm_disp_tip4p.cpp.o
[ 88%] Building CXX object CMakeFiles/lammps.dir/home/dhl/lammps_sevenn/src/KSPACE/pppm_stagger.cpp.o
[ 88%] Building CXX object CMakeFiles/lammps.dir/home/dhl/lammps_sevenn/src/KSPACE/pppm_tip4p.cpp.o
[ 88%] Building CXX object CMakeFiles/lammps.dir/home/dhl/lammps_sevenn/src/KSPACE/remap.cpp.o
[ 88%] Building CXX object CMakeFiles/lammps.dir/home/dhl/lammps_sevenn/src/KSPACE/remap_wrap.cpp.o
[ 88%] Building CXX object CMakeFiles/lammps.dir/home/dhl/lammps_sevenn/src/MANYBODY/fix_qeq_comb.cpp.o
[ 88%] Building CXX object CMakeFiles/lammps.dir/home/dhl/lammps_sevenn/src/MANYBODY/pair_adp.cpp.o
[ 89%] Building CXX object CMakeFiles/lammps.dir/home/dhl/lammps_sevenn/src/MANYBODY/pair_airebo.cpp.o
[ 89%] Building CXX object CMakeFiles/lammps.dir/home/dhl/lammps_sevenn/src/MANYBODY/pair_airebo_morse.cpp.o
[ 89%] Building CXX object CMakeFiles/lammps.dir/home/dhl/lammps_sevenn/src/MANYBODY/pair_atm.cpp.o
[ 89%] Building CXX object CMakeFiles/lammps.dir/home/dhl/lammps_sevenn/src/MANYBODY/pair_bop.cpp.o
[ 89%] Building CXX object CMakeFiles/lammps.dir/home/dhl/lammps_sevenn/src/MANYBODY/pair_comb.cpp.o
[ 89%] Building CXX object CMakeFiles/lammps.dir/home/dhl/lammps_sevenn/src/MANYBODY/pair_comb3.cpp.o
[ 90%] Building CXX object CMakeFiles/lammps.dir/home/dhl/lammps_sevenn/src/MANYBODY/pair_eam.cpp.o
[ 90%] Building CXX object CMakeFiles/lammps.dir/home/dhl/lammps_sevenn/src/MANYBODY/pair_eam_alloy.cpp.o
[ 90%] Building CXX object CMakeFiles/lammps.dir/home/dhl/lammps_sevenn/src/MANYBODY/pair_eam_cd.cpp.o
[ 90%] Building CXX object CMakeFiles/lammps.dir/home/dhl/lammps_sevenn/src/MANYBODY/pair_eam_fs.cpp.o
[ 90%] Building CXX object CMakeFiles/lammps.dir/home/dhl/lammps_sevenn/src/MANYBODY/pair_eam_he.cpp.o
[ 90%] Building CXX object CMakeFiles/lammps.dir/home/dhl/lammps_sevenn/src/MANYBODY/pair_edip.cpp.o
[ 91%] Building CXX object CMakeFiles/lammps.dir/home/dhl/lammps_sevenn/src/MANYBODY/pair_edip_multi.cpp.o
[ 91%] Building CXX object CMakeFiles/lammps.dir/home/dhl/lammps_sevenn/src/MANYBODY/pair_eim.cpp.o
[ 91%] Building CXX object CMakeFiles/lammps.dir/home/dhl/lammps_sevenn/src/MANYBODY/pair_extep.cpp.o
[ 91%] Building CXX object CMakeFiles/lammps.dir/home/dhl/lammps_sevenn/src/MANYBODY/pair_gw.cpp.o
[ 91%] Building CXX object CMakeFiles/lammps.dir/home/dhl/lammps_sevenn/src/MANYBODY/pair_gw_zbl.cpp.o
[ 91%] Building CXX object CMakeFiles/lammps.dir/home/dhl/lammps_sevenn/src/MANYBODY/pair_lcbop.cpp.o
[ 92%] Building CXX object CMakeFiles/lammps.dir/home/dhl/lammps_sevenn/src/MANYBODY/pair_local_density.cpp.o
[ 92%] Building CXX object CMakeFiles/lammps.dir/home/dhl/lammps_sevenn/src/MANYBODY/pair_meam_spline.cpp.o
[ 92%] Building CXX object CMakeFiles/lammps.dir/home/dhl/lammps_sevenn/src/MANYBODY/pair_meam_sw_spline.cpp.o
[ 92%] Building CXX object CMakeFiles/lammps.dir/home/dhl/lammps_sevenn/src/MANYBODY/pair_nb3b_harmonic.cpp.o
[ 92%] Building CXX object CMakeFiles/lammps.dir/home/dhl/lammps_sevenn/src/MANYBODY/pair_polymorphic.cpp.o
[ 92%] Building CXX object CMakeFiles/lammps.dir/home/dhl/lammps_sevenn/src/MANYBODY/pair_rebo.cpp.o
[ 93%] Building CXX object CMakeFiles/lammps.dir/home/dhl/lammps_sevenn/src/MANYBODY/pair_sw.cpp.o
[ 93%] Building CXX object CMakeFiles/lammps.dir/home/dhl/lammps_sevenn/src/MANYBODY/pair_sw_angle_table.cpp.o
[ 93%] Building CXX object CMakeFiles/lammps.dir/home/dhl/lammps_sevenn/src/MANYBODY/pair_sw_mod.cpp.o
[ 93%] Building CXX object CMakeFiles/lammps.dir/home/dhl/lammps_sevenn/src/MANYBODY/pair_tersoff.cpp.o
[ 93%] Building CXX object CMakeFiles/lammps.dir/home/dhl/lammps_sevenn/src/MANYBODY/pair_tersoff_mod.cpp.o
[ 93%] Building CXX object CMakeFiles/lammps.dir/home/dhl/lammps_sevenn/src/MANYBODY/pair_tersoff_mod_c.cpp.o
[ 94%] Building CXX object CMakeFiles/lammps.dir/home/dhl/lammps_sevenn/src/MANYBODY/pair_tersoff_table.cpp.o
[ 94%] Building CXX object CMakeFiles/lammps.dir/home/dhl/lammps_sevenn/src/MANYBODY/pair_tersoff_zbl.cpp.o
[ 94%] Building CXX object CMakeFiles/lammps.dir/home/dhl/lammps_sevenn/src/MANYBODY/pair_threebody_table.cpp.o
[ 94%] Building CXX object CMakeFiles/lammps.dir/home/dhl/lammps_sevenn/src/MANYBODY/pair_vashishta.cpp.o
[ 94%] Building CXX object CMakeFiles/lammps.dir/home/dhl/lammps_sevenn/src/MANYBODY/pair_vashishta_table.cpp.o
[ 94%] Building CXX object CMakeFiles/lammps.dir/home/dhl/lammps_sevenn/src/MOLECULE/angle_charmm.cpp.o
[ 95%] Building CXX object CMakeFiles/lammps.dir/home/dhl/lammps_sevenn/src/MOLECULE/angle_cosine.cpp.o
[ 95%] Building CXX object CMakeFiles/lammps.dir/home/dhl/lammps_sevenn/src/MOLECULE/angle_cosine_squared.cpp.o
[ 95%] Building CXX object CMakeFiles/lammps.dir/home/dhl/lammps_sevenn/src/MOLECULE/angle_harmonic.cpp.o
[ 95%] Building CXX object CMakeFiles/lammps.dir/home/dhl/lammps_sevenn/src/MOLECULE/angle_table.cpp.o
[ 95%] Building CXX object CMakeFiles/lammps.dir/home/dhl/lammps_sevenn/src/MOLECULE/atom_vec_angle.cpp.o
[ 95%] Building CXX object CMakeFiles/lammps.dir/home/dhl/lammps_sevenn/src/MOLECULE/atom_vec_bond.cpp.o
[ 96%] Building CXX object CMakeFiles/lammps.dir/home/dhl/lammps_sevenn/src/MOLECULE/atom_vec_full.cpp.o
[ 96%] Building CXX object CMakeFiles/lammps.dir/home/dhl/lammps_sevenn/src/MOLECULE/atom_vec_molecular.cpp.o
[ 96%] Building CXX object CMakeFiles/lammps.dir/home/dhl/lammps_sevenn/src/MOLECULE/atom_vec_template.cpp.o
[ 96%] Building CXX object CMakeFiles/lammps.dir/home/dhl/lammps_sevenn/src/MOLECULE/bond_fene.cpp.o
[ 96%] Building CXX object CMakeFiles/lammps.dir/home/dhl/lammps_sevenn/src/MOLECULE/bond_fene_expand.cpp.o
[ 96%] Building CXX object CMakeFiles/lammps.dir/home/dhl/lammps_sevenn/src/MOLECULE/bond_gromos.cpp.o
[ 97%] Building CXX object CMakeFiles/lammps.dir/home/dhl/lammps_sevenn/src/MOLECULE/bond_harmonic.cpp.o
[ 97%] Building CXX object CMakeFiles/lammps.dir/home/dhl/lammps_sevenn/src/MOLECULE/bond_morse.cpp.o
[ 97%] Building CXX object CMakeFiles/lammps.dir/home/dhl/lammps_sevenn/src/MOLECULE/bond_quartic.cpp.o
[ 97%] Building CXX object CMakeFiles/lammps.dir/home/dhl/lammps_sevenn/src/MOLECULE/bond_table.cpp.o
[ 97%] Building CXX object CMakeFiles/lammps.dir/home/dhl/lammps_sevenn/src/MOLECULE/dihedral_charmm.cpp.o
[ 97%] Building CXX object CMakeFiles/lammps.dir/home/dhl/lammps_sevenn/src/MOLECULE/dihedral_charmmfsw.cpp.o
[ 98%] Building CXX object CMakeFiles/lammps.dir/home/dhl/lammps_sevenn/src/MOLECULE/dihedral_harmonic.cpp.o
[ 98%] Building CXX object CMakeFiles/lammps.dir/home/dhl/lammps_sevenn/src/MOLECULE/dihedral_multi_harmonic.cpp.o
[ 98%] Building CXX object CMakeFiles/lammps.dir/home/dhl/lammps_sevenn/src/MOLECULE/dihedral_opls.cpp.o
[ 98%] Building CXX object CMakeFiles/lammps.dir/home/dhl/lammps_sevenn/src/MOLECULE/dihedral_table.cpp.o
[ 98%] Building CXX object CMakeFiles/lammps.dir/home/dhl/lammps_sevenn/src/MOLECULE/fix_cmap.cpp.o
[ 98%] Building CXX object CMakeFiles/lammps.dir/home/dhl/lammps_sevenn/src/MOLECULE/improper_cvff.cpp.o
[ 99%] Building CXX object CMakeFiles/lammps.dir/home/dhl/lammps_sevenn/src/MOLECULE/improper_harmonic.cpp.o
[ 99%] Building CXX object CMakeFiles/lammps.dir/home/dhl/lammps_sevenn/src/MOLECULE/improper_umbrella.cpp.o
[ 99%] Building CXX object CMakeFiles/lammps.dir/home/dhl/lammps_sevenn/src/MOLECULE/pair_hbond_dreiding_lj.cpp.o
[ 99%] Building CXX object CMakeFiles/lammps.dir/home/dhl/lammps_sevenn/src/MOLECULE/pair_hbond_dreiding_morse.cpp.o
[ 99%] Building CXX object CMakeFiles/lammps.dir/home/dhl/lammps_sevenn/src/MOLECULE/pair_lj_charmm_coul_charmm.cpp.o
[ 99%] Building CXX object CMakeFiles/lammps.dir/home/dhl/lammps_sevenn/src/MOLECULE/pair_lj_charmm_coul_charmm_implicit.cpp.o
[100%] Building CXX object CMakeFiles/lammps.dir/home/dhl/lammps_sevenn/src/MOLECULE/pair_lj_charmmfsw_coul_charmmfsh.cpp.o
[100%] Building CXX object CMakeFiles/lammps.dir/home/dhl/lammps_sevenn/src/MOLECULE/pair_lj_cut_tip4p_cut.cpp.o
[100%] Building CXX object CMakeFiles/lammps.dir/home/dhl/lammps_sevenn/src/MOLECULE/pair_tip4p_cut.cpp.o
[100%] Linking CXX static library liblammps.a
[100%] Built target lammps
[100%] Building CXX object CMakeFiles/lmp.dir/home/dhl/lammps_sevenn/src/main.cpp.o
[100%] Linking CXX executable lmp
[100%] Built target lmp
