=========== STAGE 1: pilot (P=0 bracketing) ===========
--- bksnet2e13 pilot  f=0.96  s=0.98648483
EVPOINT 0.98648483 31346.388780046 2.29168565358545 -16927.4614055749 -7.83678768776618 6772.56266214104 0.0634112217925494
Total wall time: 0:06:27
--- bksnet2e13 pilot  f=0.98  s=0.99328839
EVPOINT 0.99328839 31999.438676874 2.2449165494537 -16928.4792767771 -7.83725892443386 -1978.90960110505 0.0385418291406366
Total wall time: 0:05:18
--- bksnet2e13 pilot  f=1.00  s=1.00000000
EVPOINT 1.00000000 32652.4882859543 2.20001822923382 -16925.95947816 -7.83609235099998 -10529.9699007389 0.109539910547885
Total wall time: 0:05:12
--- bksnet2e13 pilot  f=1.02  s=1.00662271
EVPOINT 1.00662271 33305.5380953362 2.15688061406828 -16919.9961547469 -7.83333155312354 -19286.774639118 0.171498395188258
Total wall time: 0:05:00
# scale volume(A^3) density(g/cc) PE(eV) epa(eV) press(bar) maxf(eV/A)
 0.98648483 31346.388780046 2.29168565358545 -16927.4614055749 -7.83678768776618 6772.56266214104 0.0634112217925494
 0.99328839 31999.438676874 2.2449165494537 -16928.4792767771 -7.83725892443386 -1978.90960110505 0.0385418291406366
 1.00000000 32652.4882859543 2.20001822923382 -16925.95947816 -7.83609235099998 -10529.9699007389 0.109539910547885
 1.00662271 33305.5380953362 2.15688061406828 -16919.9961547469 -7.83333155312354 -19286.774639118 0.171498395188258

=========== V0 실측: f0 = 0.97558   rho0 = 2.2551 g/cc   국소 K = 42.30 GPa ===========
    (기존 7net 값 = BKS 위상 위: rho0 2.2185.  차이가 밀도에서의 위상 형성 효과)
=========== STAGE 2: V0 대칭 격자 (7점, V/V0 = 0.94~1.06) ===========
  f = 0.9170 0.9366 0.9561 0.9756 0.9951 1.0146 1.0341

--- bksnet2e13 main  f=0.9170  s=0.97153051
EVPOINT 0.97153051 29942.3314553115 2.39914749344611 -16913.1932423139 -7.83018205662679 25659.6497277966 0.0817138812072873
Total wall time: 0:05:37
--- bksnet2e13 main  f=0.9366  s=0.97840362
EVPOINT 0.97840362 30582.3204717215 2.34894109900417 -16921.7587866118 -7.83414758639435 17068.2157918137 0.042462111134029
Total wall time: 0:05:32
--- bksnet2e13 main  f=0.9561  s=0.98514715
EVPOINT 0.98514715 31219.0438808786 2.30103361695014 -16926.8509438693 -7.83650506660617 8542.33308584048 0.0682141558413759
Total wall time: 0:05:24
--- bksnet2e13 main  f=0.9756  s=0.99179960
EVPOINT 0.99179960 31855.7671875156 2.25504126257854 -16928.5629310594 -7.83729765326822 -26.0349659315568 0.0588987703545652
Total wall time: 0:05:18
--- bksnet2e13 main  f=0.9951  s=0.99836399
EVPOINT 0.99836399 32492.4909368606 2.21085141174726 -16926.8513724165 -7.83650526500764 -8425.1066673149 0.0635560247299148
Total wall time: 0:05:12
--- bksnet2e13 main  f=1.0146  s=1.00484317
EVPOINT 1.00484317 33129.2143697017 2.16836018679154 -16921.9952563676 -7.83425706313317 -16869.6792696436 0.0512059164323301
Total wall time: 0:05:04
--- bksnet2e13 main  f=1.0341  s=1.01123986
EVPOINT 1.01123986 33765.9382455654 2.12747144582538 -16914.0345061804 -7.83057153063908 -24993.2979308827 0.0928000435924814
Total wall time: 0:04:58

================= ev/ev_s4_bksnet2e13_scan.txt =================
# S4 self-quenched topology E-V scan: prod_bks_2e13.data
# stage-1 pilot -> f0 = 0.97558, rho0 = 2.2551 g/cc, local K = 42.30 GPa
# stage-2 grid symmetric about V0: V/V0 = 0.94~1.06, n=7
# scale volume(A^3) density(g/cc) PE(eV) epa(eV) press(bar) maxf(eV/A)
 0.97153051 29942.3314553115 2.39914749344611 -16913.1932423139 -7.83018205662679 25659.6497277966 0.0817138812072873
 0.97840362 30582.3204717215 2.34894109900417 -16921.7587866118 -7.83414758639435 17068.2157918137 0.042462111134029
 0.98514715 31219.0438808786 2.30103361695014 -16926.8509438693 -7.83650506660617 8542.33308584048 0.0682141558413759
 0.99179960 31855.7671875156 2.25504126257854 -16928.5629310594 -7.83729765326822 -26.0349659315568 0.0588987703545652
 0.99836399 32492.4909368606 2.21085141174726 -16926.8513724165 -7.83650526500764 -8425.1066673149 0.0635560247299148
 1.00484317 33129.2143697017 2.16836018679154 -16921.9952563676 -7.83425706313317 -16869.6792696436 0.0512059164323301
 1.01123986 33765.9382455654 2.12747144582538 -16914.0345061804 -7.83057153063908 -24993.2979308827 0.0928000435924814

다음: BM3 피팅 (fig_density.py 계열, scipy 필요 -> mlip 환경에서).
     기존 7net 값(BKS 위상): rho0 2.2185, K0 43.23 GPa, K0' -2.02  <- 이것과 뺄셈하면 위상 형성 효과.
