=========== STAGE 1: pilot (P=0 bracketing) ===========
--- 7net pilot  f=0.98  s=0.99328839
EVPOINT 0.99328839 31999.438676874 2.2449165494537 -16926.4900563302 -7.83633798904174 14631.4739953356 0.0975781499041457
Total wall time: 0:05:12
--- 7net pilot  f=1.00  s=1.00000000
EVPOINT 1.00000000 32652.4882859543 2.20001822923382 -16930.9428277578 -7.83839945729528 7131.96890450919 0.0386188832038564
Total wall time: 0:05:04
--- 7net pilot  f=1.02  s=1.00662271
EVPOINT 1.00662271 33305.5380953362 2.15688061406828 -16932.2976953453 -7.83902671080803 -448.100402919522 0.0282984141163682
Total wall time: 0:04:57
--- 7net pilot  f=1.04  s=1.01315940
EVPOINT 1.01315940 33958.5874332639 2.11540216742281 -16930.5569952603 -7.83822083113903 -8090.15327555214 0.0191586901261898
Total wall time: 0:04:53
# scale volume(A^3) density(g/cc) PE(eV) epa(eV) press(bar) maxf(eV/A)
 0.99328839 31999.438676874 2.2449165494537 -16926.4900563302 -7.83633798904174 14631.4739953356 0.0975781499041457
 1.00000000 32652.4882859543 2.20001822923382 -16930.9428277578 -7.83839945729528 7131.96890450919 0.0386188832038564
 1.00662271 33305.5380953362 2.15688061406828 -16932.2976953453 -7.83902671080803 -448.100402919522 0.0282984141163682
 1.01315940 33958.5874332639 2.11540216742281 -16930.5569952603 -7.83822083113903 -8090.15327555214 0.0191586901261898

=========== V0 실측: f0 = 1.01883   rho0 = 2.1594 g/cc   국소 K = 38.75 GPa ===========
    (기존 7net 값 = BKS 위상 위: rho0 2.2185.  차이가 밀도에서의 위상 형성 효과)
=========== STAGE 2: V0 대칭 격자 (7점, V/V0 = 0.94~1.06) ===========
  f = 0.9577 0.9781 0.9985 1.0188 1.0392 1.0596 1.0800

--- 7net main  f=0.9577  s=0.98569638
EVPOINT 0.98569638 31271.2878423022 2.29718935213685 -16917.9586660713 -7.8323882713293 22933.3899228621 0.105445344739321
Total wall time: 0:05:19
--- 7net main  f=0.9781  s=0.99264605
EVPOINT 0.99264605 31937.3985977499 2.24927741810519 -16925.9100432527 -7.83606946446882 15320.4174499409 0.0902470345851914
Total wall time: 0:05:13
--- 7net main  f=0.9985  s=0.99949975
EVPOINT 0.99949975 32603.5095739332 2.20332321267576 -16930.7168742686 -7.83829484919844 7701.72513046479 0.0264945487143175
Total wall time: 0:05:05
--- 7net main  f=1.0188  s=1.00622780
EVPOINT 1.00622780 33266.3550013007 2.15942111650448 -16932.3032020595 -7.83902926021271 4.74216935029672 0.0281549854771862
Total wall time: 0:04:57
--- 7net main  f=1.0392  s=1.01289955
EVPOINT 1.01289955 33932.4655536244 2.11703064563401 -16930.6869677644 -7.83828100359462 -7794.01692729102 0.0134846436064063
Total wall time: 0:04:53
--- 7net main  f=1.0596  s=1.01948455
EVPOINT 1.01948455 34598.5762720633 2.0762724134677 -16925.8626876188 -7.83604754056426 -15631.2650157271 0.0360816621084764
Total wall time: 0:04:48
--- 7net main  f=1.0800  s=1.02598557
EVPOINT 1.02598557 35264.6875544392 2.03705390408033 -16917.7237920097 -7.83227953333781 -23653.5434416534 0.0135011750637548
Total wall time: 0:04:40

================= ev/ev_s4_7net_scan.txt =================
# S4 self-quenched topology E-V scan: prod_7net_mq.data
# stage-1 pilot -> f0 = 1.01883, rho0 = 2.1594 g/cc, local K = 38.75 GPa
# stage-2 grid symmetric about V0: V/V0 = 0.94~1.06, n=7
# scale volume(A^3) density(g/cc) PE(eV) epa(eV) press(bar) maxf(eV/A)
 0.98569638 31271.2878423022 2.29718935213685 -16917.9586660713 -7.8323882713293 22933.3899228621 0.105445344739321
 0.99264605 31937.3985977499 2.24927741810519 -16925.9100432527 -7.83606946446882 15320.4174499409 0.0902470345851914
 0.99949975 32603.5095739332 2.20332321267576 -16930.7168742686 -7.83829484919844 7701.72513046479 0.0264945487143175
 1.00622780 33266.3550013007 2.15942111650448 -16932.3032020595 -7.83902926021271 4.74216935029672 0.0281549854771862
 1.01289955 33932.4655536244 2.11703064563401 -16930.6869677644 -7.83828100359462 -7794.01692729102 0.0134846436064063
 1.01948455 34598.5762720633 2.0762724134677 -16925.8626876188 -7.83604754056426 -15631.2650157271 0.0360816621084764
 1.02598557 35264.6875544392 2.03705390408033 -16917.7237920097 -7.83227953333781 -23653.5434416534 0.0135011750637548

다음: BM3 피팅 (fig_density.py 계열, scipy 필요 -> mlip 환경에서).
     기존 7net 값(BKS 위상): rho0 2.2185, K0 43.23 GPa, K0' -2.02  <- 이것과 뺄셈하면 위상 형성 효과.
