nohup: ignoring input
=============== f=0.94  s=0.97958611 ===============
Dangerous builds = 0
EVPOINT 0.97958611 30693.3391095328 2.34044491551042 -16947.7977322177 -7.84620265380447 21568.9096880391 0.113882764912661
Total wall time: 0:05:26
=============== f=0.96  s=0.98648483 ===============
Dangerous builds = 0
EVPOINT 0.98648483 31346.388780046 2.29168565358545 -16954.9772064784 -7.84952648448074 13412.8171931089 0.0366020269620482
Total wall time: 0:05:19
=============== f=0.98  s=0.99328839 ===============
Dangerous builds = 0
EVPOINT 0.99328839 31999.438676874 2.2449165494537 -16958.7466090852 -7.85127157828016 5077.59723783221 0.0152576340734869
Total wall time: 0:05:10
=============== f=1.00  s=1.00000000 ===============
Dangerous builds = 0
EVPOINT 1.00000000 32652.4882859543 2.20001822923382 -16959.0348616248 -7.85140502853 -3654.4028085627 0.00483898056275412
Total wall time: 0:02:01
=============== f=1.02  s=1.00662271 ===============
Dangerous builds = 0
EVPOINT 1.00662271 33305.5380953362 2.15688061406828 -16955.7564040682 -7.84988722410564 -12464.2920876952 0.0111482341936741
Total wall time: 0:04:56
=============== f=1.04  s=1.01315940 ===============
Dangerous builds = 0
EVPOINT 1.01315940 33958.5874332639 2.11540216742281 -16948.9075834604 -7.84671647382426 -21293.5095012254 0.0617306368399788
Total wall time: 0:04:51
=============== f=1.06  s=1.01961282 ===============
Dangerous builds = 0
EVPOINT 1.01961282 34611.6373364389 2.07548891029535 -16938.5127757054 -7.84190406282656 -30206.4195430169 0.0863907652761307
Total wall time: 0:04:45

================= ev220_scan.txt =================
# scale volume(A^3) density(g/cc) PE(eV) epa(eV) press(bar) maxf(eV/A)
 0.97958611 30693.3391095328 2.34044491551042 -16947.7977322177 -7.84620265380447 21568.9096880391 0.113882764912661
 0.98648483 31346.388780046 2.29168565358545 -16954.9772064784 -7.84952648448074 13412.8171931089 0.0366020269620482
 0.99328839 31999.438676874 2.2449165494537 -16958.7466090852 -7.85127157828016 5077.59723783221 0.0152576340734869
 1.00000000 32652.4882859543 2.20001822923382 -16959.0348616248 -7.85140502853 -3654.4028085627 0.00483898056275412
 1.00662271 33305.5380953362 2.15688061406828 -16955.7564040682 -7.84988722410564 -12464.2920876952 0.0111482341936741
 1.01315940 33958.5874332639 2.11540216742281 -16948.9075834604 -7.84671647382426 -21293.5095012254 0.0617306368399788
 1.01961282 34611.6373364389 2.07548891029535 -16938.5127757054 -7.84190406282656 -30206.4195430169 0.0863907652761307
