nohup: ignoring input
=============== f=0.96  s=0.98648483 ===============
Dangerous builds = 0
EVPOINT 0.98648483 27410.3729385132 2.62076220634012 -16855.730326812 -7.80357885500556 32112.2389258625 0.0254778575036731
Total wall time: 0:06:19
=============== f=0.98  s=0.99328839 ===============
Dangerous builds = 0
EVPOINT 0.99328839 27981.4224889133 2.56727725287754 -16863.793390647 -7.80731175492918 19732.3870206122 0.00296776419112295
Total wall time: 0:06:10
=============== f=1.00  s=1.00000000 ===============
Dangerous builds = 0
EVPOINT 1.00000000 28552.4717876969 2.5159317201356 -16867.5513138098 -7.80905153417118 7695.4725607505 0.00860985641621695
Total wall time: 0:04:44
=============== f=1.02  s=1.00662271 ===============
Dangerous builds = 0
EVPOINT 1.00662271 29123.5212616312 2.46659972238947 -16867.2404187576 -7.80890760127666 -3394.28635522015 0.0705041161977727
Total wall time: 0:05:55
=============== f=1.04  s=1.01315940 ===============
Dangerous builds = 0
EVPOINT 1.01315940 29694.5703233094 2.41916514287981 -16862.9860724004 -7.80693799648167 -14517.3968744461 0.0259707754049199
Total wall time: 0:05:47
=============== f=1.06  s=1.01961282 ===============
Dangerous builds = 0
EVPOINT 1.01961282 30265.6198792595 2.37352050760973 -16854.7938086171 -7.80314528176719 -25319.6688878264 0.00935200651911682
Total wall time: 0:05:42
=============== f=1.08  s=1.02598557 ===============
Dangerous builds = 0
EVPOINT 1.02598557 30836.6697105039 2.32956639395057 -16842.8626817166 -7.79762161190583 -35645.2471477604 0.00920606566341399
Total wall time: 0:05:36

================= ev_scan.txt =================
# scale volume(A^3) density(g/cc) PE(eV) epa(eV) press(bar) maxf(eV/A)
 0.98648483 27410.3729385132 2.62076220634012 -16855.730326812 -7.80357885500556 32112.2389258625 0.0254778575036731
 0.99328839 27981.4224889133 2.56727725287754 -16863.793390647 -7.80731175492918 19732.3870206122 0.00296776419112295
 1.00000000 28552.4717876969 2.5159317201356 -16867.5513138098 -7.80905153417118 7695.4725607505 0.00860985641621695
 1.00662271 29123.5212616312 2.46659972238947 -16867.2404187576 -7.80890760127666 -3394.28635522015 0.0705041161977727
 1.01315940 29694.5703233094 2.41916514287981 -16862.9860724004 -7.80693799648167 -14517.3968744461 0.0259707754049199
 1.01961282 30265.6198792595 2.37352050760973 -16854.7938086171 -7.80314528176719 -25319.6688878264 0.00935200651911682
 1.02598557 30836.6697105039 2.32956639395057 -16842.8626817166 -7.79762161190583 -35645.2471477604 0.00920606566341399
